Component: Arm Compiler for Embedded 6.19 Tool: armlink [5e73cb00]

==============================================================================

Section Cross References

    api_quaternion.o(.text.QuaternionEKF_Init) refers to kalman.o(.text.Kalman_Filter_Init) for Kalman_Filter_Init
    api_quaternion.o(.text.QuaternionEKF_Init) refers to api_quaternion.o(.text.QuaternionEKF_A_Update) for QuaternionEKF_A_Update
    api_quaternion.o(.text.QuaternionEKF_Init) refers to api_quaternion.o(.text.QuaternionEKF_H_Update) for QuaternionEKF_H_Update
    api_quaternion.o(.text.QuaternionEKF_Init) refers to api_quaternion.o(.text.QuaternionEKF_xhat_Update) for QuaternionEKF_xhat_Update
    api_quaternion.o(.text.QuaternionEKF_Init) refers to rt_memcpy_w.o(.text) for __aeabi_memcpy4
    api_quaternion.o(.ARM.exidx.text.QuaternionEKF_Init) refers to api_quaternion.o(.text.QuaternionEKF_Init) for [Anonymous Symbol]
    api_quaternion.o(.text.QuaternionEKF_A_Update) refers to rt_memclr_w.o(.text) for __aeabi_memclr4
    api_quaternion.o(.text.QuaternionEKF_A_Update) refers to api_quaternion.o(.text.Fast_InverseSqrt) for Fast_InverseSqrt
    api_quaternion.o(.ARM.exidx.text.QuaternionEKF_A_Update) refers to api_quaternion.o(.text.QuaternionEKF_A_Update) for [Anonymous Symbol]
    api_quaternion.o(.text.QuaternionEKF_H_Update) refers to rt_memclr_w.o(.text) for __aeabi_memclr4
    api_quaternion.o(.ARM.exidx.text.QuaternionEKF_H_Update) refers to api_quaternion.o(.text.QuaternionEKF_H_Update) for [Anonymous Symbol]
    api_quaternion.o(.text.QuaternionEKF_xhat_Update) refers to arm_mat_trans_f32.o(.text) for arm_mat_trans_f32
    api_quaternion.o(.text.QuaternionEKF_xhat_Update) refers to arm_mat_mult_f32.o(.text) for arm_mat_mult_f32
    api_quaternion.o(.text.QuaternionEKF_xhat_Update) refers to arm_mat_add_f32.o(.text) for arm_mat_add_f32
    api_quaternion.o(.text.QuaternionEKF_xhat_Update) refers to arm_mat_inverse_f32.o(.text) for arm_mat_inverse_f32
    api_quaternion.o(.text.QuaternionEKF_xhat_Update) refers to acosf.o(i.__hardfp_acosf) for __hardfp_acosf
    api_quaternion.o(.text.QuaternionEKF_xhat_Update) refers to arm_mat_sub_f32.o(.text) for arm_mat_sub_f32
    api_quaternion.o(.text.QuaternionEKF_xhat_Update) refers to api_quaternion.o(.text.QuaternionEKF_ChiSqrtTest) for QuaternionEKF_ChiSqrtTest
    api_quaternion.o(.ARM.exidx.text.QuaternionEKF_xhat_Update) refers to api_quaternion.o(.text.QuaternionEKF_xhat_Update) for [Anonymous Symbol]
    api_quaternion.o(.text.QuaternionEKF_Update) refers to api_quaternion.o(.text.Fast_InverseSqrt) for Fast_InverseSqrt
    api_quaternion.o(.text.QuaternionEKF_Update) refers to rt_memcpy_w.o(.text) for __aeabi_memcpy4
    api_quaternion.o(.text.QuaternionEKF_Update) refers to kalman.o(.text.Kalman_Filter_Update) for Kalman_Filter_Update
    api_quaternion.o(.text.QuaternionEKF_Update) refers to atan2f.o(i.__hardfp_atan2f) for __hardfp_atan2f
    api_quaternion.o(.text.QuaternionEKF_Update) refers to asinf.o(i.__hardfp_asinf) for __hardfp_asinf
    api_quaternion.o(.ARM.exidx.text.QuaternionEKF_Update) refers to api_quaternion.o(.text.QuaternionEKF_Update) for [Anonymous Symbol]
    api_quaternion.o(.ARM.exidx.text.Fast_InverseSqrt) refers to api_quaternion.o(.text.Fast_InverseSqrt) for [Anonymous Symbol]
    api_quaternion.o(.text.QuaternionEKF_ChiSqrtTest) refers to arm_mat_mult_f32.o(.text) for arm_mat_mult_f32
    api_quaternion.o(.text.QuaternionEKF_ChiSqrtTest) refers to arm_mat_trans_f32.o(.text) for arm_mat_trans_f32
    api_quaternion.o(.text.QuaternionEKF_ChiSqrtTest) refers to rt_memcpy_w.o(.text) for __aeabi_memcpy4
    api_quaternion.o(.ARM.exidx.text.QuaternionEKF_ChiSqrtTest) refers to api_quaternion.o(.text.QuaternionEKF_ChiSqrtTest) for [Anonymous Symbol]
    api_trajectory.o(.ARM.exidx.text.SolveTrajectory_Update) refers to api_trajectory.o(.text.SolveTrajectory_Update) for [Anonymous Symbol]
    api_trajectory.o(.text.SolveTrajectory_Transform) refers to bsp_dwt.o(.text.DWT_GetTimeline_s) for DWT_GetTimeline_s
    api_trajectory.o(.text.SolveTrajectory_Transform) refers to arm_cos_f32.o(.text) for arm_cos_f32
    api_trajectory.o(.text.SolveTrajectory_Transform) refers to arm_sin_f32.o(.text) for arm_sin_f32
    api_trajectory.o(.text.SolveTrajectory_Transform) refers to f2d.o(x$fpl$f2d) for __aeabi_f2d
    api_trajectory.o(.text.SolveTrajectory_Transform) refers to sqrt.o(i.__hardfp_sqrt) for __hardfp_sqrt
    api_trajectory.o(.text.SolveTrajectory_Transform) refers to d2f_clz.o(x$fpl$d2f) for __aeabi_d2f
    api_trajectory.o(.text.SolveTrajectory_Transform) refers to atan2.o(i.__hardfp_atan2) for __hardfp_atan2
    api_trajectory.o(.text.SolveTrajectory_Transform) refers to api_trajectory.o(.bss.yaw_diff) for yaw_diff
    api_trajectory.o(.text.SolveTrajectory_Transform) refers to api_trajectory.o(.bss.yaw_diff_offset) for yaw_diff_offset
[...]
    0x0800023e   0x0800023e   0x00000004   Code   RO         3425    .ARM.Collect$$libinit$$00000001  c_w.l(libinit2.o)
    0x08000242   0x08000242   0x00000000   Code   RO         3428    .ARM.Collect$$libinit$$00000004  c_w.l(libinit2.o)
    0x08000242   0x08000242   0x00000000   Code   RO         3430    .ARM.Collect$$libinit$$00000006  c_w.l(libinit2.o)
    0x08000242   0x08000242   0x00000008   Code   RO         3431    .ARM.Collect$$libinit$$00000007  c_w.l(libinit2.o)
    0x0800024a   0x0800024a   0x00000000   Code   RO         3433    .ARM.Collect$$libinit$$0000000C  c_w.l(libinit2.o)
    0x0800024a   0x0800024a   0x00000000   Code   RO         3435    .ARM.Collect$$libinit$$0000000E  c_w.l(libinit2.o)
    0x0800024a   0x0800024a   0x00000000   Code   RO         3437    .ARM.Collect$$libinit$$00000010  c_w.l(libinit2.o)
    0x0800024a   0x0800024a   0x00000000   Code   RO         3440    .ARM.Collect$$libinit$$00000013  c_w.l(libinit2.o)
    0x0800024a   0x0800024a   0x00000000   Code   RO         3442    .ARM.Collect$$libinit$$00000015  c_w.l(libinit2.o)
    0x0800024a   0x0800024a   0x00000000   Code   RO         3444    .ARM.Collect$$libinit$$00000017  c_w.l(libinit2.o)
    0x0800024a   0x0800024a   0x00000000   Code   RO         3446    .ARM.Collect$$libinit$$00000019  c_w.l(libinit2.o)
    0x0800024a   0x0800024a   0x00000000   Code   RO         3448    .ARM.Collect$$libinit$$0000001B  c_w.l(libinit2.o)
    0x0800024a   0x0800024a   0x00000000   Code   RO         3450    .ARM.Collect$$libinit$$0000001D  c_w.l(libinit2.o)
    0x0800024a   0x0800024a   0x00000000   Code   RO         3452    .ARM.Collect$$libinit$$0000001F  c_w.l(libinit2.o)
    0x0800024a   0x0800024a   0x00000000   Code   RO         3454    .ARM.Collect$$libinit$$00000021  c_w.l(libinit2.o)
    0x0800024a   0x0800024a   0x00000000   Code   RO         3456    .ARM.Collect$$libinit$$00000023  c_w.l(libinit2.o)
    0x0800024a   0x0800024a   0x00000000   Code   RO         3458    .ARM.Collect$$libinit$$00000025  c_w.l(libinit2.o)
    0x0800024a   0x0800024a   0x00000000   Code   RO         3460    .ARM.Collect$$libinit$$00000027  c_w.l(libinit2.o)
    0x0800024a   0x0800024a   0x00000000   Code   RO         3464    .ARM.Collect$$libinit$$0000002E  c_w.l(libinit2.o)
    0x0800024a   0x0800024a   0x00000000   Code   RO         3466    .ARM.Collect$$libinit$$00000030  c_w.l(libinit2.o)
    0x0800024a   0x0800024a   0x00000000   Code   RO         3468    .ARM.Collect$$libinit$$00000032  c_w.l(libinit2.o)
    0x0800024a   0x0800024a   0x00000000   Code   RO         3470    .ARM.Collect$$libinit$$00000034  c_w.l(libinit2.o)
    0x0800024a   0x0800024a   0x00000002   Code   RO         3471    .ARM.Collect$$libinit$$00000035  c_w.l(libinit2.o)
    0x0800024c   0x0800024c   0x00000002   Code   RO         3798    .ARM.Collect$$libshutdown$$00000000  c_w.l(libshutdown.o)
    0x0800024e   0x0800024e   0x00000000   Code   RO         3752    .ARM.Collect$$libshutdown$$00000002  c_w.l(libshutdown2.o)
    0x0800024e   0x0800024e   0x00000000   Code   RO         3754    .ARM.Collect$$libshutdown$$00000004  c_w.l(libshutdown2.o)
    0x0800024e   0x0800024e   0x00000000   Code   RO         3757    .ARM.Collect$$libshutdown$$00000007  c_w.l(libshutdown2.o)
    0x0800024e   0x0800024e   0x00000000   Code   RO         3760    .ARM.Collect$$libshutdown$$0000000A  c_w.l(libshutdown2.o)
    0x0800024e   0x0800024e   0x00000000   Code   RO         3762    .ARM.Collect$$libshutdown$$0000000C  c_w.l(libshutdown2.o)
    0x0800024e   0x0800024e   0x00000000   Code   RO         3765    .ARM.Collect$$libshutdown$$0000000F  c_w.l(libshutdown2.o)
    0x0800024e   0x0800024e   0x00000002   Code   RO         3766    .ARM.Collect$$libshutdown$$00000010  c_w.l(libshutdown2.o)
    0x08000250   0x08000250   0x00000000   Code   RO         3296    .ARM.Collect$$rtentry$$00000000  c_w.l(__rtentry.o)
    0x08000250   0x08000250   0x00000000   Code   RO         3590    .ARM.Collect$$rtentry$$00000002  c_w.l(__rtentry2.o)
    0x08000250   0x08000250   0x00000006   Code   RO         3602    .ARM.Collect$$rtentry$$00000004  c_w.l(__rtentry4.o)
    0x08000256   0x08000256   0x00000000   Code   RO         3592    .ARM.Collect$$rtentry$$00000009  c_w.l(__rtentry2.o)
    0x08000256   0x08000256   0x00000004   Code   RO         3593    .ARM.Collect$$rtentry$$0000000A  c_w.l(__rtentry2.o)
    0x0800025a   0x0800025a   0x00000000   Code   RO         3595    .ARM.Collect$$rtentry$$0000000C  c_w.l(__rtentry2.o)
    0x0800025a   0x0800025a   0x00000008   Code   RO         3596    .ARM.Collect$$rtentry$$0000000D  c_w.l(__rtentry2.o)
    0x08000262   0x08000262   0x00000002   Code   RO         3732    .ARM.Collect$$rtexit$$00000000  c_w.l(rtexit.o)
    0x08000264   0x08000264   0x00000000   Code   RO         3772    .ARM.Collect$$rtexit$$00000002  c_w.l(rtexit2.o)
    0x08000264   0x08000264   0x00000004   Code   RO         3773    .ARM.Collect$$rtexit$$00000003  c_w.l(rtexit2.o)
    0x08000268   0x08000268   0x00000006   Code   RO         3774    .ARM.Collect$$rtexit$$00000004  c_w.l(rtexit2.o)
    0x0800026e   0x0800026e   0x00000002   PAD
    0x08000270   0x08000270   0x00000040   Code   RO          714    .text               startup_stm32f407xx.o
    0x080002b0   0x080002b0   0x00000108   Code   RO         2917    .text               arm_cortexM4lf_math.lib(arm_mat_add_f32.o)
    0x080003b8   0x080003b8   0x00000008   Code   RO         2941    .text               arm_cortexM4lf_math.lib(arm_mat_init_f32.o)
    0x080003c0   0x080003c0   0x00000530   Code   RO         2965    .text               arm_cortexM4lf_math.lib(arm_mat_inverse_f32.o)
    0x080008f0   0x080008f0   0x0000013c   Code   RO         2989    .text               arm_cortexM4lf_math.lib(arm_mat_mult_f32.o)
    0x08000a2c   0x08000a2c   0x00000108   Code   RO         3013    .text               arm_cortexM4lf_math.lib(arm_mat_sub_f32.o)
    0x08000b34   0x08000b34   0x00000114   Code   RO         3037    .text               arm_cortexM4lf_math.lib(arm_mat_trans_f32.o)
    0x08000c48   0x08000c48   0x0000005e   Code   RO         3144    .text               c_w.l(h1_alloc.o)
    0x08000ca6   0x08000ca6   0x000000f0   Code   RO         3198    .text               c_w.l(lludivv7m.o)
    0x08000d96   0x08000d96   0x00000064   Code   RO         3206    .text               c_w.l(rt_memcpy_w.o)
    0x08000dfa   0x08000dfa   0x00000010   Code   RO         3210    .text               c_w.l(aeabi_memset4.o)
    0x08000e0a   0x08000e0a   0x0000004e   Code   RO         3214    .text               c_w.l(rt_memclr_w.o)
    0x08000e58   0x08000e58   0x00000006   Code   RO         3216    .text               c_w.l(heapauxi.o)
    0x08000e5e   0x08000e5e   0x00000002   PAD
    0x08000e60   0x08000e60   0x00000008   Code   RO         3304    .text               c_w.l(rt_heap_descriptor_intlibspace.o)
    0x08000e68   0x08000e68   0x00000004   Code   RO         3306    .text               c_w.l(hguard.o)
    0x08000e6c   0x08000e6c   0x0000008a   Code   RO         3308    .text               c_w.l(init_alloc.o)
    0x08000ef6   0x08000ef6   0x0000000e   Code   RO         3314    .text               c_w.l(h1_init.o)
    0x08000f04   0x08000f04   0x0000004e   Code   RO         3316    .text               c_w.l(h1_free.o)
    0x08000f52   0x08000f52   0x00000016   Code   RO         3330    .text               c_w.l(_rserrno.o)
    0x08000f68   0x08000f68   0x00000008   Code   RO         3586    .text               c_w.l(libspace.o)
    0x08000f70   0x08000f70   0x00000008   Code   RO         3609    .text               c_w.l(rt_errno_addr_intlibspace.o)
    0x08000f78   0x08000f78   0x00000000   Code   RO         3613    .text               c_w.l(maybetermalloc1.o)
    0x08000f78   0x08000f78   0x00000034   Code   RO         3615    .text               c_w.l(h1_extend.o)
    0x08000fac   0x08000fac   0x0000000e   Code   RO         3641    .text               c_w.l(defsig_rtmem_outer.o)
    0x08000fba   0x08000fba   0x00000002   Code   RO         3658    .text               c_w.l(use_no_semi.o)
    0x08000fbc   0x08000fbc   0x00000000   Code   RO         3660    .text               c_w.l(indicate_semi.o)
    0x08000fbc   0x08000fbc   0x0000004a   Code   RO         3661    .text               c_w.l(sys_stackheap_outer.o)
    0x08001006   0x08001006   0x00000012   Code   RO         3706    .text               c_w.l(exit.o)
    0x08001018   0x08001018   0x0000000a   Code   RO         3708    .text               c_w.l(defsig_exit.o)
    0x08001022   0x08001022   0x00000002   PAD
    0x08001024   0x08001024   0x00000050   Code   RO         3714    .text               c_w.l(defsig_rtmem_inner.o)
    0x08001074   0x08001074   0x0000000c   Code   RO         3728    .text               c_w.l(sys_exit.o)
    0x08001080   0x08001080   0x00000032   Code   RO         3745    .text               c_w.l(defsig_general.o)
    0x080010b2   0x080010b2   0x0000000e   Code   RO         3767    .text               c_w.l(sys_wrch.o)
    0x080010c0   0x080010c0   0x00000012   Code   RO          214    .text.BMI088_ACCEL_NS_H  bsp_gpio.o
    0x080010d2   0x080010d2   0x00000002   PAD
    0x080010d4   0x080010d4   0x00000012   Code   RO          212    .text.BMI088_ACCEL_NS_L  bsp_gpio.o
    0x080010e6   0x080010e6   0x00000002   PAD
    0x080010e8   0x080010e8   0x0000018a   Code   RO          396    .text.BMI088_Accel_Init  bmi088.o
    0x08001272   0x08001272   0x00000002   PAD
    0x08001274   0x08001274   0x00000014   Code   RO          218    .text.BMI088_GYRO_NS_H  bsp_gpio.o
    0x08001288   0x08001288   0x00000014   Code   RO          216    .text.BMI088_GYRO_NS_L  bsp_gpio.o
    0x0800129c   0x0800129c   0x00000142   Code   RO          398    .text.BMI088_Gyro_Init  bmi088.o
    0x080013de   0x080013de   0x00000002   PAD
    0x080013e0   0x080013e0   0x000001d2   Code   RO          402    .text.BMI088_Info_Update  bmi088.o
    0x080015b2   0x080015b2   0x00000002   PAD
    0x080015b4   0x080015b4   0x0000004e   Code   RO          394    .text.BMI088_Init   bmi088.o
    0x08001602   0x08001602   0x00000002   PAD
    0x08001604   0x08001604   0x00000032   Code   RO          400    .text.BMI088_Offset_Update  bmi088.o
    0x08001636   0x08001636   0x00000002   PAD
    0x08001638   0x08001638   0x00000044   Code   RO          404    .text.BMI088_Read_Multi_Reg  bmi088.o
    0x0800167c   0x0800167c   0x00000024   Code   RO          408    .text.BMI088_Read_Single_Reg  bmi088.o
    0x080016a0   0x080016a0   0x00000034   Code   RO          239    .text.BMI088_Read_Write_Byte  bsp_spi.o
    0x080016d4   0x080016d4   0x000000ac   Code   RO          119    .text.BMI088_Temp_Control  ins_task.o
    0x08001780   0x08001780   0x00000020   Code   RO          406    .text.BMI088_Write_Single_Reg  bmi088.o
    0x080017a0   0x080017a0   0x000000ac   Code   RO          151    .text.BSP_CAN_Init  bsp_can.o
    0x0800184c   0x0800184c   0x0000002a   Code   RO          279    .text.BSP_USART_Init  bsp_uart.o
    0x08001876   0x08001876   0x00000002   PAD
    0x08001878   0x08001878   0x0000002e   Code   RO          260    .text.Bsp_Tim_Init  bsp_tim.o
    0x080018a6   0x080018a6   0x00000002   PAD
    0x080018a8   0x080018a8   0x00000004   Code   RO          655    .text.BusFault_Handler  stm32f4xx_it.o
    0x080018ac   0x080018ac   0x00000010   Code   RO          663    .text.CAN1_RX0_IRQHandler  stm32f4xx_it.o
    0x080018bc   0x080018bc   0x0000006a   Code   RO          157    .text.CAN1_RxFifo0RxHandler  bsp_can.o
    0x08001926   0x08001926   0x00000002   PAD
    0x08001928   0x08001928   0x00000010   Code   RO          675    .text.CAN2_RX0_IRQHandler  stm32f4xx_it.o
    0x08001938   0x08001938   0x00000010   Code   RO          677    .text.CAN2_RX1_IRQHandler  stm32f4xx_it.o
    0x08001948   0x08001948   0x00000052   Code   RO          161    .text.CAN2_RxFifo1RxHandler  bsp_can.o
    0x0800199a   0x0800199a   0x00000002   PAD
    0x0800199c   0x0800199c   0x00000130   Code   RO           40    .text.CAN_Task      can_task.o
    0x08001acc   0x08001acc   0x0000005c   Code   RO         2594    .text.CDC_Control_FS  usbd_cdc_if.o
    0x08001b28   0x08001b28   0x00000004   Code   RO         2592    .text.CDC_DeInit_FS  usbd_cdc_if.o
    0x08001b2c   0x08001b2c   0x00000032   Code   RO         2590    .text.CDC_Init_FS   usbd_cdc_if.o
    0x08001b5e   0x08001b5e   0x00000002   PAD
    0x08001b60   0x08001b60   0x0000002c   Code   RO         2596    .text.CDC_Receive_FS  usbd_cdc_if.o
    0x08001b8c   0x08001b8c   0x00000018   Code   RO         2598    .text.CDC_TransmitCplt_FS  usbd_cdc_if.o
    0x08001ba4   0x08001ba4   0x00000060   Code   RO         2600    .text.CDC_Transmit_FS  usbd_cdc_if.o
    0x08001c04   0x08001c04   0x0000009c   Code   RO           44    .text.Check_Motor_Enable  can_task.o
    0x08001ca0   0x08001ca0   0x000000ac   Code   RO           42    .text.Check_Motor_Online  can_task.o
    0x08001d4c   0x08001d4c   0x00000052   Code   RO           60    .text.Control_Mode_Update  control_task.o
    0x08001d9e   0x08001d9e   0x00000002   PAD
    0x08001da0   0x08001da0   0x0000008c   Code   RO           56    .text.Control_Task  control_task.o
    0x08001e2c   0x08001e2c   0x00000102   Code   RO           58    .text.Control_Task_Init  control_task.o
    0x08001f2e   0x08001f2e   0x00000002   PAD
    0x08001f30   0x08001f30   0x0000001e   Code   RO          262    .text.Cover_Control  bsp_tim.o
    0x08001f4e   0x08001f4e   0x00000002   PAD
    0x08001f50   0x08001f50   0x00000040   Code   RO          439    .text.DJI_Motor_ErrorHandler  motor.o
    0x08001f90   0x08001f90   0x000000c8   Code   RO          437    .text.DJI_Motor_Info_Update  motor.o
    0x08002058   0x08002058   0x00000010   Code   RO          661    .text.DMA1_Stream1_IRQHandler  stm32f4xx_it.o
    0x08002068   0x08002068   0x00000010   Code   RO          673    .text.DMA2_Stream2_IRQHandler  stm32f4xx_it.o
    0x08002078   0x08002078   0x00000010   Code   RO          681    .text.DMA2_Stream7_IRQHandler  stm32f4xx_it.o
    0x08002088   0x08002088   0x00000056   Code   RO         1627    .text.DMA_CalcBaseAndBitshift  stm32f4xx_hal_dma.o
    0x080020de   0x080020de   0x00000002   PAD
    0x080020e0   0x080020e0   0x000000f0   Code   RO         1625    .text.DMA_CheckFifoParam  stm32f4xx_hal_dma.o
    0x080021d0   0x080021d0   0x00000050   Code   RO         1633    .text.DMA_SetConfig  stm32f4xx_hal_dma.o
    0x08002220   0x08002220   0x000001f8   Code   RO          455    .text.Damiao_Motor_CAN_Send  motor.o
    0x08002418   0x08002418   0x0000003c   Code   RO          453    .text.Damiao_Motor_Enable  motor.o
    0x08002454   0x08002454   0x00000008   Code   RO          449    .text.Damiao_Motor_ErrorHandler  motor.o
    0x0800245c   0x0800245c   0x00000158   Code   RO          445    .text.Damiao_Motor_Info_Update  motor.o
    0x080025b4   0x080025b4   0x00000002   Code   RO          659    .text.DebugMon_Handler  stm32f4xx_it.o
    0x080025b6   0x080025b6   0x00000002   PAD
    0x080025b8   0x080025b8   0x00000024   Code   RO          251    .text.Delay_ms      bsp_tick.o
    0x080025dc   0x080025dc   0x00000024   Code   RO          247    .text.Delay_us      bsp_tick.o
    0x08002600   0x08002600   0x0000001c   Code   RO          107    .text.Detect_Task   detect_task.o
    0x0800261c   0x0800261c   0x0000000a   Code   RO          665    .text.EXTI9_5_IRQHandler  stm32f4xx_it.o
    0x08002626   0x08002626   0x00000002   PAD
    0x08002628   0x08002628   0x00000006   Code   RO          513    .text.Error_Handler  main.o
    0x0800262e   0x0800262e   0x00000002   PAD
    0x08002630   0x08002630   0x0000005a   Code   RO           12    .text.Fast_InverseSqrt  api_quaternion.o
    0x0800268a   0x0800268a   0x00000002   PAD
    0x0800268c   0x0800268c   0x0000005c   Code   RO         2573    .text.Get_SerialNum  usbd_desc.o
    0x080026e8   0x080026e8   0x00000164   Code   RO           68    .text.Gimbal_Control_Update  control_task.o
    0x0800284c   0x0800284c   0x00000038   Code   RO           64    .text.Gimbal_Measure_Update  control_task.o
    0x08002884   0x08002884   0x000000a8   Code   RO           62    .text.Gimbal_Mode_Update  control_task.o
    0x0800292c   0x0800292c   0x00000088   Code   RO           70    .text.Gimbal_Output_Update  control_task.o
    0x080029b4   0x080029b4   0x000002e4   Code   RO           66    .text.Gimbal_Target_Update  control_task.o
    0x08002c98   0x08002c98   0x00000052   Code   RO         1921    .text.HAL_CAN_ActivateNotification  stm32f4xx_hal_can.o
    0x08002cea   0x08002cea   0x00000002   PAD
    0x08002cec   0x08002cec   0x00000156   Code   RO         1907    .text.HAL_CAN_AddTxMessage  stm32f4xx_hal_can.o
    0x08002e42   0x08002e42   0x00000002   PAD
    0x08002e44   0x08002e44   0x000001a4   Code   RO         1897    .text.HAL_CAN_ConfigFilter  stm32f4xx_hal_can.o
    0x08002fe8   0x08002fe8   0x00000008   Code   RO         1951    .text.HAL_CAN_ErrorCallback  stm32f4xx_hal_can.o
    0x08002ff0   0x08002ff0   0x00000212   Code   RO         1917    .text.HAL_CAN_GetRxMessage  stm32f4xx_hal_can.o
    0x08003202   0x08003202   0x00000002   PAD
    0x08003204   0x08003204   0x000003f2   Code   RO         1925    .text.HAL_CAN_IRQHandler  stm32f4xx_hal_can.o
    0x080035f6   0x080035f6   0x00000002   PAD
    0x080035f8   0x080035f8   0x000001de   Code   RO         1887    .text.HAL_CAN_Init  stm32f4xx_hal_can.o
    0x080037d6   0x080037d6   0x00000002   PAD
    0x080037d8   0x080037d8   0x00000198   Code   RO          571    .text.HAL_CAN_MspInit  can.o
    0x08003970   0x08003970   0x00000008   Code   RO         1939    .text.HAL_CAN_RxFifo0FullCallback  stm32f4xx_hal_can.o
    0x08003978   0x08003978   0x0000002c   Code   RO          155    .text.HAL_CAN_RxFifo0MsgPendingCallback  bsp_can.o
    0x080039a4   0x080039a4   0x00000008   Code   RO         1943    .text.HAL_CAN_RxFifo1FullCallback  stm32f4xx_hal_can.o
    0x080039ac   0x080039ac   0x0000002c   Code   RO          159    .text.HAL_CAN_RxFifo1MsgPendingCallback  bsp_can.o
    0x080039d8   0x080039d8   0x00000008   Code   RO         1947    .text.HAL_CAN_SleepCallback  stm32f4xx_hal_can.o
    0x080039e0   0x080039e0   0x0000008a   Code   RO         1899    .text.HAL_CAN_Start  stm32f4xx_hal_can.o
    0x08003a6a   0x08003a6a   0x00000002   PAD
    0x08003a6c   0x08003a6c   0x00000008   Code   RO         1929    .text.HAL_CAN_TxMailbox0AbortCallback  stm32f4xx_hal_can.o
    0x08003a74   0x08003a74   0x00000008   Code   RO         1927    .text.HAL_CAN_TxMailbox0CompleteCallback  stm32f4xx_hal_can.o
    0x08003a7c   0x08003a7c   0x00000008   Code   RO         1933    .text.HAL_CAN_TxMailbox1AbortCallback  stm32f4xx_hal_can.o
    0x08003a84   0x08003a84   0x00000008   Code   RO         1931    .text.HAL_CAN_TxMailbox1CompleteCallback  stm32f4xx_hal_can.o
    0x08003a8c   0x08003a8c   0x00000008   Code   RO         1937    .text.HAL_CAN_TxMailbox2AbortCallback  stm32f4xx_hal_can.o
    0x08003a94   0x08003a94   0x00000008   Code   RO         1935    .text.HAL_CAN_TxMailbox2CompleteCallback  stm32f4xx_hal_can.o
    0x08003a9c   0x08003a9c   0x00000008   Code   RO         1949    .text.HAL_CAN_WakeUpFromRxMsgCallback  stm32f4xx_hal_can.o
    0x08003aa4   0x08003aa4   0x000000ec   Code   RO         1637    .text.HAL_DMA_Abort  stm32f4xx_hal_dma.o
    0x08003b90   0x08003b90   0x00000044   Code   RO         1639    .text.HAL_DMA_Abort_IT  stm32f4xx_hal_dma.o
    0x08003bd4   0x08003bd4   0x0000031e   Code   RO         1643    .text.HAL_DMA_IRQHandler  stm32f4xx_hal_dma.o
    0x08003ef2   0x08003ef2   0x00000002   PAD
    0x08003ef4   0x08003ef4   0x0000016e   Code   RO         1623    .text.HAL_DMA_Init  stm32f4xx_hal_dma.o
    0x08004062   0x08004062   0x00000002   PAD
    0x08004064   0x08004064   0x000000c2   Code   RO         1635    .text.HAL_DMA_Start_IT  stm32f4xx_hal_dma.o
    0x08004126   0x08004126   0x00000002   PAD
    0x08004128   0x08004128   0x00000042   Code   RO         1818    .text.HAL_Delay     stm32f4xx_hal.o
    0x0800416a   0x0800416a   0x00000002   PAD
    0x0800416c   0x0800416c   0x0000000a   Code   RO         1599    .text.HAL_GPIO_EXTI_Callback  stm32f4xx_hal_gpio.o
    0x08004176   0x08004176   0x00000002   PAD
    0x08004178   0x08004178   0x00000038   Code   RO         1597    .text.HAL_GPIO_EXTI_IRQHandler  stm32f4xx_hal_gpio.o
    0x080041b0   0x080041b0   0x000003b6   Code   RO         1585    .text.HAL_GPIO_Init  stm32f4xx_hal_gpio.o
    0x08004566   0x08004566   0x00000002   PAD
    0x08004568   0x08004568   0x0000002e   Code   RO         1591    .text.HAL_GPIO_WritePin  stm32f4xx_hal_gpio.o
    0x08004596   0x08004596   0x00000002   PAD
    0x08004598   0x08004598   0x0000000c   Code   RO         1810    .text.HAL_GetTick   stm32f4xx_hal.o
    0x080045a4   0x080045a4   0x0000001a   Code   RO         1808    .text.HAL_IncTick   stm32f4xx_hal.o
    0x080045be   0x080045be   0x00000002   PAD
    0x080045c0   0x080045c0   0x00000036   Code   RO         1798    .text.HAL_Init      stm32f4xx_hal.o
    0x080045f6   0x080045f6   0x00000002   PAD
    0x080045f8   0x080045f8   0x000000ec   Code   RO          698    .text.HAL_InitTick  stm32f4xx_hal_timebase_tim.o
    0x080046e4   0x080046e4   0x00000058   Code   RO          690    .text.HAL_MspInit   stm32f4xx_hal_msp.o
    0x0800473c   0x0800473c   0x00000014   Code   RO         1733    .text.HAL_NVIC_EnableIRQ  stm32f4xx_hal_cortex.o
    0x08004750   0x08004750   0x00000032   Code   RO         1725    .text.HAL_NVIC_SetPriority  stm32f4xx_hal_cortex.o
    0x08004782   0x08004782   0x00000002   PAD
    0x08004784   0x08004784   0x00000010   Code   RO         1721    .text.HAL_NVIC_SetPriorityGrouping  stm32f4xx_hal_cortex.o
    0x08004794   0x08004794   0x0000000c   Code   RO         1333    .text.HAL_PCDEx_LPM_Callback  stm32f4xx_hal_pcd_ex.o
    0x080047a0   0x080047a0   0x00000018   Code   RO         1331    .text.HAL_PCDEx_SetRxFiFo  stm32f4xx_hal_pcd_ex.o
    0x080047b8   0x080047b8   0x0000009c   Code   RO         1329    .text.HAL_PCDEx_SetTxFiFo  stm32f4xx_hal_pcd_ex.o
    0x08004854   0x08004854   0x00000014   Code   RO         2634    .text.HAL_PCD_ConnectCallback  usbd_conf.o
    0x08004868   0x08004868   0x00000026   Code   RO         2620    .text.HAL_PCD_DataInStageCallback  usbd_conf.o
    0x0800488e   0x0800488e   0x00000002   PAD
    0x08004890   0x08004890   0x00000028   Code   RO         2618    .text.HAL_PCD_DataOutStageCallback  usbd_conf.o
    0x080048b8   0x080048b8   0x00000014   Code   RO         2636    .text.HAL_PCD_DisconnectCallback  usbd_conf.o
    0x080048cc   0x080048cc   0x0000005e   Code   RO         1280    .text.HAL_PCD_EP_Abort  stm32f4xx_hal_pcd.o
    0x0800492a   0x0800492a   0x00000002   PAD
    0x0800492c   0x0800492c   0x000000a8   Code   RO         1300    .text.HAL_PCD_EP_Close  stm32f4xx_hal_pcd.o
    0x080049d4   0x080049d4   0x000000c8   Code   RO         1310    .text.HAL_PCD_EP_ClrStall  stm32f4xx_hal_pcd.o
    0x08004a9c   0x08004a9c   0x00000022   Code   RO         1304    .text.HAL_PCD_EP_GetRxCount  stm32f4xx_hal_pcd.o
    0x08004abe   0x08004abe   0x00000002   PAD
    0x08004ac0   0x08004ac0   0x000000ee   Code   RO         1298    .text.HAL_PCD_EP_Open  stm32f4xx_hal_pcd.o
    0x08004bae   0x08004bae   0x00000002   PAD
    0x08004bb0   0x08004bb0   0x0000006c   Code   RO         1302    .text.HAL_PCD_EP_Receive  stm32f4xx_hal_pcd.o
    0x08004c1c   0x08004c1c   0x000000de   Code   RO         1308    .text.HAL_PCD_EP_SetStall  stm32f4xx_hal_pcd.o
    0x08004cfa   0x08004cfa   0x00000002   PAD
    0x08004cfc   0x08004cfc   0x0000006c   Code   RO         1306    .text.HAL_PCD_EP_Transmit  stm32f4xx_hal_pcd.o
    0x08004d68   0x08004d68   0x00000838   Code   RO         1258    .text.HAL_PCD_IRQHandler  stm32f4xx_hal_pcd.o
    0x080055a0   0x080055a0   0x0000001c   Code   RO         2632    .text.HAL_PCD_ISOINIncompleteCallback  usbd_conf.o
    0x080055bc   0x080055bc   0x0000001c   Code   RO         2630    .text.HAL_PCD_ISOOUTIncompleteCallback  usbd_conf.o
    0x080055d8   0x080055d8   0x00000242   Code   RO         1246    .text.HAL_PCD_Init  stm32f4xx_hal_pcd.o
    0x0800581a   0x0800581a   0x00000002   PAD
    0x0800581c   0x0800581c   0x000000b0   Code   RO         2612    .text.HAL_PCD_MspInit  usbd_conf.o
    0x080058cc   0x080058cc   0x00000052   Code   RO         2624    .text.HAL_PCD_ResetCallback  usbd_conf.o
    0x0800591e   0x0800591e   0x00000002   PAD
    0x08005920   0x08005920   0x00000014   Code   RO         2628    .text.HAL_PCD_ResumeCallback  usbd_conf.o
    0x08005934   0x08005934   0x00000014   Code   RO         2622    .text.HAL_PCD_SOFCallback  usbd_conf.o
    0x08005948   0x08005948   0x0000005c   Code   RO         1296    .text.HAL_PCD_SetAddress  stm32f4xx_hal_pcd.o
    0x080059a4   0x080059a4   0x00000018   Code   RO         2616    .text.HAL_PCD_SetupStageCallback  usbd_conf.o
    0x080059bc   0x080059bc   0x0000007c   Code   RO         1254    .text.HAL_PCD_Start  stm32f4xx_hal_pcd.o
    0x08005a38   0x08005a38   0x0000003e   Code   RO         2626    .text.HAL_PCD_SuspendCallback  usbd_conf.o
    0x08005a76   0x08005a76   0x00000002   PAD
    0x08005a78   0x08005a78   0x00000002   Code   RO         1475    .text.HAL_RCC_CSSCallback  stm32f4xx_hal_rcc.o
    0x08005a7a   0x08005a7a   0x00000002   PAD
    0x08005a7c   0x08005a7c   0x00000262   Code   RO         1453    .text.HAL_RCC_ClockConfig  stm32f4xx_hal_rcc.o
    0x08005cde   0x08005cde   0x00000002   PAD
    0x08005ce0   0x08005ce0   0x0000000c   Code   RO         1459    .text.HAL_RCC_EnableCSS  stm32f4xx_hal_rcc.o
    0x08005cec   0x08005cec   0x00000054   Code   RO         1471    .text.HAL_RCC_GetClockConfig  stm32f4xx_hal_rcc.o
    0x08005d40   0x08005d40   0x0000000c   Code   RO         1463    .text.HAL_RCC_GetHCLKFreq  stm32f4xx_hal_rcc.o
    0x08005d4c   0x08005d4c   0x00000022   Code   RO         1465    .text.HAL_RCC_GetPCLK1Freq  stm32f4xx_hal_rcc.o
    0x08005d6e   0x08005d6e   0x00000002   PAD
    0x08005d70   0x08005d70   0x00000022   Code   RO         1467    .text.HAL_RCC_GetPCLK2Freq  stm32f4xx_hal_rcc.o
    0x08005d92   0x08005d92   0x00000002   PAD
    0x08005d94   0x08005d94   0x000000e6   Code   RO         1455    .text.HAL_RCC_GetSysClockFreq  stm32f4xx_hal_rcc.o
    0x08005e7a   0x08005e7a   0x00000002   PAD
    0x08005e7c   0x08005e7c   0x00000028   Code   RO         1473    .text.HAL_RCC_NMI_IRQHandler  stm32f4xx_hal_rcc.o
    0x08005ea4   0x08005ea4   0x000006be   Code   RO         1451    .text.HAL_RCC_OscConfig  stm32f4xx_hal_rcc.o
    0x08006562   0x08006562   0x00000002   PAD
    0x08006564   0x08006564   0x00000100   Code   RO         1966    .text.HAL_SPI_Init  stm32f4xx_hal_spi.o
    0x08006664   0x08006664   0x000000e4   Code   RO          595    .text.HAL_SPI_MspInit  spi.o
    0x08006748   0x08006748   0x000003a2   Code   RO         1980    .text.HAL_SPI_TransmitReceive  stm32f4xx_hal_spi.o
    0x08006aea   0x08006aea   0x00000002   PAD
    0x08006aec   0x08006aec   0x00000008   Code   RO         2406    .text.HAL_TIMEx_BreakCallback  stm32f4xx_hal_tim_ex.o
    0x08006af4   0x08006af4   0x00000008   Code   RO         2402    .text.HAL_TIMEx_CommutCallback  stm32f4xx_hal_tim_ex.o
    0x08006afc   0x08006afc   0x000000b2   Code   RO         2398    .text.HAL_TIMEx_ConfigBreakDeadTime  stm32f4xx_hal_tim_ex.o
    0x08006bae   0x08006bae   0x00000002   PAD
    0x08006bb0   0x08006bb0   0x00000122   Code   RO         2396    .text.HAL_TIMEx_MasterConfigSynchronization  stm32f4xx_hal_tim_ex.o
    0x08006cd2   0x08006cd2   0x00000002   PAD
    0x08006cd4   0x08006cd4   0x0000009c   Code   RO         2083    .text.HAL_TIM_Base_Init  stm32f4xx_hal_tim.o
    0x08006d70   0x08006d70   0x000000fe   Code   RO          615    .text.HAL_TIM_Base_MspInit  tim.o
    0x08006e6e   0x08006e6e   0x00000002   PAD
    0x08006e70   0x08006e70   0x000000ea   Code   RO         2093    .text.HAL_TIM_Base_Start  stm32f4xx_hal_tim.o
    0x08006f5a   0x08006f5a   0x00000002   PAD
    0x08006f5c   0x08006f5c   0x000000f6   Code   RO         2097    .text.HAL_TIM_Base_Start_IT  stm32f4xx_hal_tim.o
    0x08007052   0x08007052   0x00000002   PAD
    0x08007054   0x08007054   0x00000184   Code   RO         2275    .text.HAL_TIM_ConfigClockSource  stm32f4xx_hal_tim.o
    0x080071d8   0x080071d8   0x00000008   Code   RO         2219    .text.HAL_TIM_IC_CaptureCallback  stm32f4xx_hal_tim.o
    0x080071e0   0x080071e0   0x0000021a   Code   RO         2217    .text.HAL_TIM_IRQHandler  stm32f4xx_hal_tim.o
    0x080073fa   0x080073fa   0x00000002   PAD
    0x080073fc   0x080073fc   0x0000011e   Code   RO          609    .text.HAL_TIM_MspPostInit  tim.o
    0x0800751a   0x0800751a   0x00000002   PAD
    0x0800751c   0x0800751c   0x00000008   Code   RO         2221    .text.HAL_TIM_OC_DelayElapsedCallback  stm32f4xx_hal_tim.o
    0x08007524   0x08007524   0x00000142   Code   RO         2249    .text.HAL_TIM_PWM_ConfigChannel  stm32f4xx_hal_tim.o
    0x08007666   0x08007666   0x00000002   PAD
    0x08007668   0x08007668   0x0000009c   Code   RO         2137    .text.HAL_TIM_PWM_Init  stm32f4xx_hal_tim.o
    0x08007704   0x08007704   0x00000008   Code   RO         2139    .text.HAL_TIM_PWM_MspInit  stm32f4xx_hal_tim.o
    0x0800770c   0x0800770c   0x00000008   Code   RO         2223    .text.HAL_TIM_PWM_PulseFinishedCallback  stm32f4xx_hal_tim.o
    0x08007714   0x08007714   0x000001ca   Code   RO         2145    .text.HAL_TIM_PWM_Start  stm32f4xx_hal_tim.o
    0x080078de   0x080078de   0x00000002   PAD
    0x080078e0   0x080078e0   0x0000001c   Code   RO          515    .text.HAL_TIM_PeriodElapsedCallback  main.o
    0x080078fc   0x080078fc   0x00000008   Code   RO         2227    .text.HAL_TIM_TriggerCallback  stm32f4xx_hal_tim.o
    0x08007904   0x08007904   0x00000058   Code   RO          283    .text.HAL_UARTEx_RxEventCallback  bsp_uart.o
    0x0800795c   0x0800795c   0x00000008   Code   RO         2509    .text.HAL_UART_ErrorCallback  stm32f4xx_hal_uart.o
    0x08007964   0x08007964   0x0000042c   Code   RO         2503    .text.HAL_UART_IRQHandler  stm32f4xx_hal_uart.o
    0x08007d90   0x08007d90   0x0000009e   Code   RO         2419    .text.HAL_UART_Init  stm32f4xx_hal_uart.o
    0x08007e2e   0x08007e2e   0x00000002   PAD
    0x08007e30   0x08007e30   0x00000286   Code   RO          633    .text.HAL_UART_MspInit  usart.o
    0x080080b6   0x080080b6   0x00000002   PAD
    0x080080b8   0x080080b8   0x00000008   Code   RO         2521    .text.HAL_UART_RxCpltCallback  stm32f4xx_hal_uart.o
    0x080080c0   0x080080c0   0x000000e2   Code   RO         2447    .text.HAL_UART_Transmit_DMA  stm32f4xx_hal_uart.o
    0x080081a2   0x080081a2   0x00000002   PAD
    0x080081a4   0x080081a4   0x00000008   Code   RO         2517    .text.HAL_UART_TxCpltCallback  stm32f4xx_hal_uart.o
    0x080081ac   0x080081ac   0x00000008   Code   RO         2519    .text.HAL_UART_TxHalfCpltCallback  stm32f4xx_hal_uart.o
    0x080081b4   0x080081b4   0x00000030   Code   RO          249    .text.Haltick       bsp_tick.o
    0x080081e4   0x080081e4   0x00000004   Code   RO          651    .text.HardFault_Handler  stm32f4xx_it.o
    0x080081e8   0x080081e8   0x0000007c   Code   RO          117    .text.INSTask_Init  ins_task.o
    0x08008264   0x08008264   0x000001e4   Code   RO          115    .text.INS_Task      ins_task.o
    0x08008448   0x08008448   0x0000007a   Code   RO         2575    .text.IntToUnicode  usbd_desc.o
    0x080084c2   0x080084c2   0x00000002   PAD
    0x080084c4   0x080084c4   0x0000054e   Code   RO          320    .text.Kalman_Filter_Init  kalman.o
    0x08008a12   0x08008a12   0x00000002   PAD
    0x08008a14   0x08008a14   0x000000fe   Code   RO          330    .text.Kalman_Filter_K_Update  kalman.o
    0x08008b12   0x08008b12   0x00000002   PAD
    0x08008b14   0x08008b14   0x00000048   Code   RO          324    .text.Kalman_Filter_Measurement_Update  kalman.o
    0x08008b5c   0x08008b5c   0x00000086   Code   RO          334    .text.Kalman_Filter_P_Update  kalman.o
    0x08008be2   0x08008be2   0x00000002   PAD
    0x08008be4   0x08008be4   0x00000084   Code   RO          328    .text.Kalman_Filter_Pminus_Update  kalman.o
    0x08008c68   0x08008c68   0x000000d4   Code   RO          322    .text.Kalman_Filter_Update  kalman.o
    0x08008d3c   0x08008d3c   0x000000b0   Code   RO          332    .text.Kalman_Filter_xhat_Update  kalman.o
    0x08008dec   0x08008dec   0x000000a2   Code   RO          326    .text.Kalman_Filter_xhatminus_Update  kalman.o
    0x08008e8e   0x08008e8e   0x00000002   PAD
    0x08008e90   0x08008e90   0x00000028   Code   RO          347    .text.LowPassFilter2p_Init  lpf.o
    0x08008eb8   0x08008eb8   0x0000007a   Code   RO          349    .text.LowPassFilter2p_Update  lpf.o
    0x08008f32   0x08008f32   0x00000002   PAD
    0x08008f34   0x08008f34   0x00000018   Code   RO          231    .text.MCU_Init      bsp_mcu.o
    0x08008f4c   0x08008f4c   0x0000004e   Code   RO          567    .text.MX_CAN1_Init  can.o
    0x08008f9a   0x08008f9a   0x00000002   PAD
    0x08008f9c   0x08008f9c   0x0000004e   Code   RO          569    .text.MX_CAN2_Init  can.o
    0x08008fea   0x08008fea   0x00000002   PAD
    0x08008fec   0x08008fec   0x00000086   Code   RO          585    .text.MX_DMA_Init   dma.o
    0x08009072   0x08009072   0x00000002   PAD
    0x08009074   0x08009074   0x00000140   Code   RO          535    .text.MX_FREERTOS_Init  freertos.o
    0x080091b4   0x080091b4   0x000001d6   Code   RO          525    .text.MX_GPIO_Init  gpio.o
    0x0800938a   0x0800938a   0x00000002   PAD
    0x0800938c   0x0800938c   0x00000050   Code   RO          593    .text.MX_SPI1_Init  spi.o
    0x080093dc   0x080093dc   0x0000008e   Code   RO          613    .text.MX_TIM10_Init  tim.o
    0x0800946a   0x0800946a   0x00000002   PAD
    0x0800946c   0x0800946c   0x00000122   Code   RO          607    .text.MX_TIM1_Init  tim.o
    0x0800958e   0x0800958e   0x00000002   PAD
    0x08009590   0x08009590   0x000000da   Code   RO          611    .text.MX_TIM4_Init  tim.o
    0x0800966a   0x0800966a   0x00000002   PAD
    0x0800966c   0x0800966c   0x00000040   Code   RO          629    .text.MX_USART1_UART_Init  usart.o
    0x080096ac   0x080096ac   0x00000044   Code   RO          631    .text.MX_USART3_UART_Init  usart.o
    0x080096f0   0x080096f0   0x000000ac   Code   RO         2550    .text.MX_USB_DEVICE_Init  usb_device.o
    0x0800979c   0x0800979c   0x00000004   Code   RO          653    .text.MemManage_Handler  stm32f4xx_it.o
    0x080097a0   0x080097a0   0x000000b4   Code   RO          424    .text.MiniPC_RecvFrameInfo  minipc.o
    0x08009854   0x08009854   0x0000001a   Code   RO          422    .text.MiniPC_SendFrameInfo  minipc.o
    0x0800986e   0x0800986e   0x00000002   PAD
    0x08009870   0x08009870   0x0000000a   Code   RO          649    .text.NMI_Handler   stm32f4xx_it.o
    0x0800987a   0x0800987a   0x00000002   PAD
    0x0800987c   0x0800987c   0x0000006c   Code   RO         1731    .text.NVIC_EncodePriority  stm32f4xx_hal_cortex.o
    0x080098e8   0x080098e8   0x00000010   Code   RO          679    .text.OTG_FS_IRQHandler  stm32f4xx_it.o
    0x080098f8   0x080098f8   0x0000008a   Code   RO         1262    .text.PCD_EP_OutSetupPacket_int  stm32f4xx_hal_pcd.o
    0x08009982   0x08009982   0x00000002   PAD
    0x08009984   0x08009984   0x000001c8   Code   RO         1260    .text.PCD_EP_OutXfrComplete_int  stm32f4xx_hal_pcd.o
    0x08009b4c   0x08009b4c   0x00000132   Code   RO         1270    .text.PCD_WriteEmptyTxFifo  stm32f4xx_hal_pcd.o
    0x08009c7e   0x08009c7e   0x00000002   PAD
    0x08009c80   0x08009c80   0x00000026   Code   RO          375    .text.PID_Calc_Clear  pid.o
    0x08009ca6   0x08009ca6   0x00000002   PAD
    0x08009ca8   0x08009ca8   0x00000030   Code   RO          381    .text.PID_ErrorHandle  pid.o
    0x08009cd8   0x08009cd8   0x00000044   Code   RO          373    .text.PID_Init      pid.o
    0x08009d1c   0x08009d1c   0x00000062   Code   RO          377    .text.PID_Param_Init  pid.o
    0x08009d7e   0x08009d7e   0x00000002   PAD
    0x08009d80   0x08009d80   0x00000064   Code   RO         1230    .text.PendSV_Handler  port.o
    0x08009de4   0x08009de4   0x00000284   Code   RO            4    .text.QuaternionEKF_A_Update  api_quaternion.o
    0x0800a068   0x0800a068   0x000001cc   Code   RO           14    .text.QuaternionEKF_ChiSqrtTest  api_quaternion.o
    0x0800a234   0x0800a234   0x0000012a   Code   RO            6    .text.QuaternionEKF_H_Update  api_quaternion.o
    0x0800a35e   0x0800a35e   0x00000002   PAD
    0x0800a360   0x0800a360   0x000000fe   Code   RO            2    .text.QuaternionEKF_Init  api_quaternion.o
    0x0800a45e   0x0800a45e   0x00000002   PAD
    0x0800a460   0x0800a460   0x0000042c   Code   RO           10    .text.QuaternionEKF_Update  api_quaternion.o
    0x0800a88c   0x0800a88c   0x00000430   Code   RO            8    .text.QuaternionEKF_xhat_Update  api_quaternion.o
    0x0800acbc   0x0800acbc   0x00000040   Code   RO          497    .text.Remote_Message_Moniter  remote_control.o
    0x0800acfc   0x0800acfc   0x00000130   Code   RO          495    .text.SBUS_TO_RC    remote_control.o
    0x0800ae2c   0x0800ae2c   0x000000cc   Code   RO         1976    .text.SPI_EndRxTxTransaction  stm32f4xx_hal_spi.o
    0x0800aef8   0x0800aef8   0x0000012a   Code   RO         2074    .text.SPI_WaitFlagStateUntilTimeout  stm32f4xx_hal_spi.o
    0x0800b022   0x0800b022   0x0000000e   PAD
    0x0800b030   0x0800b030   0x00000024   Code   RO         1214    .text.SVC_Handler   port.o
    0x0800b054   0x0800b054   0x00000036   Code   RO         2762    .text.SWAPBYTE      usbd_ctlreq.o
    0x0800b08a   0x0800b08a   0x00000002   PAD
    0x0800b08c   0x0800b08c   0x000000c8   Code   RO           80    .text.Shoot_Control_Update  control_task.o
    0x0800b154   0x0800b154   0x0000017c   Code   RO           72    .text.Shoot_Heat_Limit  control_task.o
    0x0800b2d0   0x0800b2d0   0x00000032   Code   RO           76    .text.Shoot_Measure_Update  control_task.o
    0x0800b302   0x0800b302   0x00000002   PAD
    0x0800b304   0x0800b304   0x000000a4   Code   RO           74    .text.Shoot_Mode_Update  control_task.o
    0x0800b3a8   0x0800b3a8   0x000001a4   Code   RO           78    .text.Shoot_Target_Update  control_task.o
    0x0800b54c   0x0800b54c   0x0000003c   Code   RO         1232    .text.SysTick_Handler  port.o
    0x0800b588   0x0800b588   0x000000c0   Code   RO          511    .text.SystemClock_Config  main.o
    0x0800b648   0x0800b648   0x00000012   Code   RO          721    .text.SystemInit    system_stm32f4xx.o
    0x0800b65a   0x0800b65a   0x00000002   PAD
    0x0800b65c   0x0800b65c   0x00000010   Code   RO          667    .text.TIM2_IRQHandler  stm32f4xx_it.o
    0x0800b66c   0x0800b66c   0x000001b0   Code   RO         2087    .text.TIM_Base_SetConfig  stm32f4xx_hal_tim.o
    0x0800b81c   0x0800b81c   0x00000036   Code   RO         2121    .text.TIM_CCxChannelCmd  stm32f4xx_hal_tim.o
    0x0800b852   0x0800b852   0x00000002   PAD
    0x0800b854   0x0800b854   0x00000034   Code   RO         2273    .text.TIM_ETR_SetConfig  stm32f4xx_hal_tim.o
    0x0800b888   0x0800b888   0x0000002a   Code   RO         2279    .text.TIM_ITRx_SetConfig  stm32f4xx_hal_tim.o
    0x0800b8b2   0x0800b8b2   0x00000002   PAD
    0x0800b8b4   0x0800b8b4   0x000000ea   Code   RO         2231    .text.TIM_OC1_SetConfig  stm32f4xx_hal_tim.o
    0x0800b99e   0x0800b99e   0x00000002   PAD
    0x0800b9a0   0x0800b9a0   0x000000f4   Code   RO         2233    .text.TIM_OC2_SetConfig  stm32f4xx_hal_tim.o
    0x0800ba94   0x0800ba94   0x000000f2   Code   RO         2235    .text.TIM_OC3_SetConfig  stm32f4xx_hal_tim.o
    0x0800bb86   0x0800bb86   0x00000002   PAD
    0x0800bb88   0x0800bb88   0x000000a4   Code   RO         2237    .text.TIM_OC4_SetConfig  stm32f4xx_hal_tim.o
    0x0800bc2c   0x0800bc2c   0x00000050   Code   RO         2277    .text.TIM_TI1_ConfigInputStage  stm32f4xx_hal_tim.o
    0x0800bc7c   0x0800bc7c   0x00000052   Code   RO         2281    .text.TIM_TI2_ConfigInputStage  stm32f4xx_hal_tim.o
    0x0800bcce   0x0800bcce   0x00000002   PAD
    0x0800bcd0   0x0800bcd0   0x00000020   Code   RO         2507    .text.UART_DMAAbortOnError  stm32f4xx_hal_uart.o
    0x0800bcf0   0x0800bcf0   0x0000007c   Code   RO         2453    .text.UART_DMAError  stm32f4xx_hal_uart.o
    0x0800bd6c   0x0800bd6c   0x0000007a   Code   RO         2449    .text.UART_DMATransmitCplt  stm32f4xx_hal_uart.o
    0x0800bde6   0x0800bde6   0x00000002   PAD
    0x0800bde8   0x0800bde8   0x00000016   Code   RO         2451    .text.UART_DMATxHalfCplt  stm32f4xx_hal_uart.o
    0x0800bdfe   0x0800bdfe   0x00000002   PAD
    0x0800be00   0x0800be00   0x00000094   Code   RO         2467    .text.UART_EndRxTransfer  stm32f4xx_hal_uart.o
    0x0800be94   0x0800be94   0x00000026   Code   RO         2515    .text.UART_EndTransmit_IT  stm32f4xx_hal_uart.o
    0x0800beba   0x0800beba   0x00000002   PAD
    0x0800bebc   0x0800bebc   0x00000036   Code   RO         2465    .text.UART_EndTxTransfer  stm32f4xx_hal_uart.o
    0x0800bef2   0x0800bef2   0x00000002   PAD
    0x0800bef4   0x0800bef4   0x0000016a   Code   RO         2505    .text.UART_Receive_IT  stm32f4xx_hal_uart.o
    0x0800c05e   0x0800c05e   0x00000002   PAD
    0x0800c060   0x0800c060   0x0000013a   Code   RO         2423    .text.UART_SetConfig  stm32f4xx_hal_uart.o
    0x0800c19a   0x0800c19a   0x00000002   PAD
    0x0800c19c   0x0800c19c   0x00000094   Code   RO         2513    .text.UART_Transmit_IT  stm32f4xx_hal_uart.o
    0x0800c230   0x0800c230   0x00000010   Code   RO          669    .text.USART1_IRQHandler  stm32f4xx_it.o
    0x0800c240   0x0800c240   0x00000010   Code   RO          671    .text.USART3_IRQHandler  stm32f4xx_it.o
    0x0800c250   0x0800c250   0x0000009c   Code   RO          281    .text.USART_RxDMA_MultiBufferStart  bsp_uart.o
    0x0800c2ec   0x0800c2ec   0x000000f4   Code   RO         2805    .text.USBD_CDC_DataIn  usbd_cdc.o
    0x0800c3e0   0x0800c3e0   0x00000070   Code   RO         2807    .text.USBD_CDC_DataOut  usbd_cdc.o
    0x0800c450   0x0800c450   0x000000ec   Code   RO         2799    .text.USBD_CDC_DeInit  usbd_cdc.o
    0x0800c53c   0x0800c53c   0x00000078   Code   RO         2803    .text.USBD_CDC_EP0_RxReady  usbd_cdc.o
    0x0800c5b4   0x0800c5b4   0x00000016   Code   RO         2815    .text.USBD_CDC_GetDeviceQualifierDescriptor  usbd_cdc.o
    0x0800c5ca   0x0800c5ca   0x00000002   PAD
    0x0800c5cc   0x0800c5cc   0x0000006c   Code   RO         2811    .text.USBD_CDC_GetFSCfgDesc  usbd_cdc.o
    0x0800c638   0x0800c638   0x00000070   Code   RO         2809    .text.USBD_CDC_GetHSCfgDesc  usbd_cdc.o
    0x0800c6a8   0x0800c6a8   0x0000006c   Code   RO         2813    .text.USBD_CDC_GetOtherSpeedCfgDesc  usbd_cdc.o
    0x0800c714   0x0800c714   0x0000021c   Code   RO         2797    .text.USBD_CDC_Init  usbd_cdc.o
    0x0800c930   0x0800c930   0x0000007e   Code   RO         2825    .text.USBD_CDC_ReceivePacket  usbd_cdc.o
    0x0800c9ae   0x0800c9ae   0x00000002   PAD
    0x0800c9b0   0x0800c9b0   0x00000034   Code   RO         2817    .text.USBD_CDC_RegisterInterface  usbd_cdc.o
    0x0800c9e4   0x0800c9e4   0x0000003c   Code   RO         2821    .text.USBD_CDC_SetRxBuffer  usbd_cdc.o
    0x0800ca20   0x0800ca20   0x00000046   Code   RO         2819    .text.USBD_CDC_SetTxBuffer  usbd_cdc.o
    0x0800ca66   0x0800ca66   0x00000002   PAD
    0x0800ca68   0x0800ca68   0x000001cc   Code   RO         2801    .text.USBD_CDC_Setup  usbd_cdc.o
    0x0800cc34   0x0800cc34   0x00000088   Code   RO         2823    .text.USBD_CDC_TransmitPacket  usbd_cdc.o
    0x0800ccbc   0x0800ccbc   0x00000032   Code   RO         2697    .text.USBD_ClrClassConfig  usbd_core.o
    0x0800ccee   0x0800ccee   0x00000002   PAD
    0x0800ccf0   0x0800ccf0   0x00000040   Code   RO         2752    .text.USBD_ClrFeature  usbd_ctlreq.o
    0x0800cd30   0x0800cd30   0x0000000e   Code   RO         2705    .text.USBD_CoreFindEP  usbd_core.o
    0x0800cd3e   0x0800cd3e   0x00000002   PAD
    0x0800cd40   0x0800cd40   0x0000000e   Code   RO         2703    .text.USBD_CoreFindIF  usbd_core.o
    0x0800cd4e   0x0800cd4e   0x00000002   PAD
    0x0800cd50   0x0800cd50   0x0000001e   Code   RO         2782    .text.USBD_CtlContinueRx  usbd_ioreq.o
    0x0800cd6e   0x0800cd6e   0x00000002   PAD
    0x0800cd70   0x0800cd70   0x0000001e   Code   RO         2778    .text.USBD_CtlContinueSendData  usbd_ioreq.o
    0x0800cd8e   0x0800cd8e   0x00000002   PAD
    0x0800cd90   0x0800cd90   0x0000001c   Code   RO         2754    .text.USBD_CtlError  usbd_ctlreq.o
    0x0800cdac   0x0800cdac   0x00000036   Code   RO         2780    .text.USBD_CtlPrepareRx  usbd_ioreq.o
    0x0800cde2   0x0800cde2   0x00000002   PAD
    0x0800cde4   0x0800cde4   0x00000022   Code   RO         2786    .text.USBD_CtlReceiveStatus  usbd_ioreq.o
    0x0800ce06   0x0800ce06   0x00000002   PAD
    0x0800ce08   0x0800ce08   0x00000032   Code   RO         2776    .text.USBD_CtlSendData  usbd_ioreq.o
    0x0800ce3a   0x0800ce3a   0x00000002   PAD
    0x0800ce3c   0x0800ce3c   0x00000022   Code   RO         2784    .text.USBD_CtlSendStatus  usbd_ioreq.o
    0x0800ce5e   0x0800ce5e   0x00000002   PAD
    0x0800ce60   0x0800ce60   0x0000004e   Code   RO         2569    .text.USBD_FS_ConfigStrDescriptor  usbd_desc.o
    0x0800ceae   0x0800ceae   0x00000002   PAD
    0x0800ceb0   0x0800ceb0   0x0000001a   Code   RO         2559    .text.USBD_FS_DeviceDescriptor  usbd_desc.o
    0x0800ceca   0x0800ceca   0x00000002   PAD
    0x0800cecc   0x0800cecc   0x0000004e   Code   RO         2571    .text.USBD_FS_InterfaceStrDescriptor  usbd_desc.o
    0x0800cf1a   0x0800cf1a   0x00000002   PAD
    0x0800cf1c   0x0800cf1c   0x0000001a   Code   RO         2561    .text.USBD_FS_LangIDStrDescriptor  usbd_desc.o
    0x0800cf36   0x0800cf36   0x00000002   PAD
    0x0800cf38   0x0800cf38   0x00000028   Code   RO         2563    .text.USBD_FS_ManufacturerStrDescriptor  usbd_desc.o
    0x0800cf60   0x0800cf60   0x0000004e   Code   RO         2565    .text.USBD_FS_ProductStrDescriptor  usbd_desc.o
    0x0800cfae   0x0800cfae   0x00000002   PAD
    0x0800cfb0   0x0800cfb0   0x00000020   Code   RO         2567    .text.USBD_FS_SerialStrDescriptor  usbd_desc.o
    0x0800cfd0   0x0800cfd0   0x00000064   Code   RO         2746    .text.USBD_GetConfig  usbd_ctlreq.o
    0x0800d034   0x0800d034   0x000002d8   Code   RO         2740    .text.USBD_GetDescriptor  usbd_ctlreq.o
    0x0800d30c   0x0800d30c   0x00000076   Code   RO         2727    .text.USBD_GetEpDesc  usbd_core.o
    0x0800d382   0x0800d382   0x00000002   PAD
    0x0800d384   0x0800d384   0x00000032   Code   RO         2766    .text.USBD_GetLen   usbd_ctlreq.o
    0x0800d3b6   0x0800d3b6   0x00000002   PAD
    0x0800d3b8   0x0800d3b8   0x00000026   Code   RO         2729    .text.USBD_GetNextDesc  usbd_core.o
    0x0800d3de   0x0800d3de   0x00000002   PAD
    0x0800d3e0   0x0800d3e0   0x00000062   Code   RO         2748    .text.USBD_GetStatus  usbd_ctlreq.o
    0x0800d442   0x0800d442   0x00000002   PAD
    0x0800d444   0x0800d444   0x000000bc   Code   RO         2764    .text.USBD_GetString  usbd_ctlreq.o
    0x0800d500   0x0800d500   0x00000052   Code   RO         2642    .text.USBD_Get_USB_Status  usbd_conf.o
    0x0800d552   0x0800d552   0x00000002   PAD
    0x0800d554   0x0800d554   0x0000006a   Code   RO         2683    .text.USBD_Init     usbd_core.o
    0x0800d5be   0x0800d5be   0x00000002   PAD
    0x0800d5c0   0x0800d5c0   0x0000003a   Code   RO         2656    .text.USBD_LL_ClearStallEP  usbd_conf.o
    0x0800d5fa   0x0800d5fa   0x00000002   PAD
    0x0800d5fc   0x0800d5fc   0x0000003a   Code   RO         2650    .text.USBD_LL_CloseEP  usbd_conf.o
    0x0800d636   0x0800d636   0x00000002   PAD
    0x0800d638   0x0800d638   0x00000190   Code   RO         2707    .text.USBD_LL_DataInStage  usbd_core.o
    0x0800d7c8   0x0800d7c8   0x000001b2   Code   RO         2701    .text.USBD_LL_DataOutStage  usbd_core.o
    0x0800d97a   0x0800d97a   0x00000002   PAD
    0x0800d97c   0x0800d97c   0x0000000a   Code   RO         2723    .text.USBD_LL_DevConnected  usbd_core.o
    0x0800d986   0x0800d986   0x00000002   PAD
    0x0800d988   0x0800d988   0x00000040   Code   RO         2725    .text.USBD_LL_DevDisconnected  usbd_core.o
    0x0800d9c8   0x0800d9c8   0x0000001c   Code   RO         2666    .text.USBD_LL_GetRxDataSize  usbd_conf.o
    0x0800d9e4   0x0800d9e4   0x0000007e   Code   RO         2638    .text.USBD_LL_Init  usbd_conf.o
    0x0800da62   0x0800da62   0x00000002   PAD
    0x0800da64   0x0800da64   0x0000005a   Code   RO         2658    .text.USBD_LL_IsStallEP  usbd_conf.o
    0x0800dabe   0x0800dabe   0x00000002   PAD
    0x0800dac0   0x0800dac0   0x0000006e   Code   RO         2719    .text.USBD_LL_IsoINIncomplete  usbd_core.o
    0x0800db2e   0x0800db2e   0x00000002   PAD
    0x0800db30   0x0800db30   0x0000006e   Code   RO         2721    .text.USBD_LL_IsoOUTIncomplete  usbd_core.o
    0x0800db9e   0x0800db9e   0x00000002   PAD
    0x0800dba0   0x0800dba0   0x0000004a   Code   RO         2648    .text.USBD_LL_OpenEP  usbd_conf.o
    0x0800dbea   0x0800dbea   0x00000002   PAD
    0x0800dbec   0x0800dbec   0x00000042   Code   RO         2664    .text.USBD_LL_PrepareReceive  usbd_conf.o
    0x0800dc2e   0x0800dc2e   0x00000002   PAD
    0x0800dc30   0x0800dc30   0x0000009c   Code   RO         2709    .text.USBD_LL_Reset  usbd_core.o
    0x0800dccc   0x0800dccc   0x00000024   Code   RO         2715    .text.USBD_LL_Resume  usbd_core.o
    0x0800dcf0   0x0800dcf0   0x0000003e   Code   RO         2717    .text.USBD_LL_SOF   usbd_core.o
    0x0800dd2e   0x0800dd2e   0x00000002   PAD
    0x0800dd30   0x0800dd30   0x00000016   Code   RO         2711    .text.USBD_LL_SetSpeed  usbd_core.o
    0x0800dd46   0x0800dd46   0x00000002   PAD
    0x0800dd48   0x0800dd48   0x0000003a   Code   RO         2660    .text.USBD_LL_SetUSBAddress  usbd_conf.o
    0x0800dd82   0x0800dd82   0x00000002   PAD
    0x0800dd84   0x0800dd84   0x00000094   Code   RO         2699    .text.USBD_LL_SetupStage  usbd_core.o
    0x0800de18   0x0800de18   0x0000003a   Code   RO         2654    .text.USBD_LL_StallEP  usbd_conf.o
    0x0800de52   0x0800de52   0x00000002   PAD
    0x0800de54   0x0800de54   0x00000032   Code   RO         2644    .text.USBD_LL_Start  usbd_conf.o
    0x0800de86   0x0800de86   0x00000002   PAD
    0x0800de88   0x0800de88   0x0000002c   Code   RO         2713    .text.USBD_LL_Suspend  usbd_core.o
    0x0800deb4   0x0800deb4   0x00000042   Code   RO         2662    .text.USBD_LL_Transmit  usbd_conf.o
    0x0800def6   0x0800def6   0x00000002   PAD
    0x0800def8   0x0800def8   0x00000062   Code   RO         2760    .text.USBD_ParseSetupRequest  usbd_ctlreq.o
    0x0800df5a   0x0800df5a   0x00000002   PAD
    0x0800df5c   0x0800df5c   0x00000072   Code   RO         2687    .text.USBD_RegisterClass  usbd_core.o
    0x0800dfce   0x0800dfce   0x00000002   PAD
    0x0800dfd0   0x0800dfd0   0x0000000a   Code   RO         2693    .text.USBD_RunTestMode  usbd_core.o
    0x0800dfda   0x0800dfda   0x00000002   PAD
    0x0800dfdc   0x0800dfdc   0x0000008c   Code   RO         2742    .text.USBD_SetAddress  usbd_ctlreq.o
    0x0800e068   0x0800e068   0x00000036   Code   RO         2695    .text.USBD_SetClassConfig  usbd_core.o
    0x0800e09e   0x0800e09e   0x00000002   PAD
    0x0800e0a0   0x0800e0a0   0x0000017e   Code   RO         2744    .text.USBD_SetConfig  usbd_ctlreq.o
    0x0800e21e   0x0800e21e   0x00000002   PAD
    0x0800e220   0x0800e220   0x0000004e   Code   RO         2750    .text.USBD_SetFeature  usbd_ctlreq.o
    0x0800e26e   0x0800e26e   0x00000002   PAD
    0x0800e270   0x0800e270   0x00000010   Code   RO         2689    .text.USBD_Start    usbd_core.o
    0x0800e280   0x0800e280   0x000000cc   Code   RO         2738    .text.USBD_StdDevReq  usbd_ctlreq.o
    0x0800e34c   0x0800e34c   0x000003ac   Code   RO         2758    .text.USBD_StdEPReq  usbd_ctlreq.o
    0x0800e6f8   0x0800e6f8   0x000000f4   Code   RO         2756    .text.USBD_StdItfReq  usbd_ctlreq.o
    0x0800e7ec   0x0800e7ec   0x00000008   Code   RO         2670    .text.USBD_static_free  usbd_conf.o
    0x0800e7f4   0x0800e7f4   0x00000010   Code   RO         2668    .text.USBD_static_malloc  usbd_conf.o
    0x0800e804   0x0800e804   0x000000de   Code   RO         1368    .text.USB_ActivateEndpoint  stm32f4xx_ll_usb.o
    0x0800e8e2   0x0800e8e2   0x00000002   PAD
    0x0800e8e4   0x0800e8e4   0x0000002c   Code   RO         1410    .text.USB_ActivateSetup  stm32f4xx_ll_usb.o
    0x0800e910   0x0800e910   0x000000d6   Code   RO         1344    .text.USB_CoreInit  stm32f4xx_ll_usb.o
    0x0800e9e6   0x0800e9e6   0x00000002   PAD
    0x0800e9e8   0x0800e9e8   0x00000076   Code   RO         1346    .text.USB_CoreReset  stm32f4xx_ll_usb.o
    0x0800ea5e   0x0800ea5e   0x00000002   PAD
    0x0800ea60   0x0800ea60   0x00000138   Code   RO         1372    .text.USB_DeactivateEndpoint  stm32f4xx_ll_usb.o
    0x0800eb98   0x0800eb98   0x0000002a   Code   RO         1392    .text.USB_DevConnect  stm32f4xx_ll_usb.o
    0x0800ebc2   0x0800ebc2   0x00000002   PAD
    0x0800ebc4   0x0800ebc4   0x0000002a   Code   RO         1394    .text.USB_DevDisconnect  stm32f4xx_ll_usb.o
    0x0800ebee   0x0800ebee   0x00000002   PAD
    0x0800ebf0   0x0800ebf0   0x0000029a   Code   RO         1358    .text.USB_DevInit   stm32f4xx_ll_usb.o
    0x0800ee8a   0x0800ee8a   0x00000002   PAD
    0x0800ee8c   0x0800ee8c   0x00000014   Code   RO         1352    .text.USB_DisableGlobalInt  stm32f4xx_ll_usb.o
    0x0800eea0   0x0800eea0   0x0000009e   Code   RO         1412    .text.USB_EP0_OutStart  stm32f4xx_ll_usb.o
    0x0800ef3e   0x0800ef3e   0x00000002   PAD
    0x0800ef40   0x0800ef40   0x000000a0   Code   RO         1386    .text.USB_EPClearStall  stm32f4xx_ll_usb.o
    0x0800efe0   0x0800efe0   0x000000a8   Code   RO         1384    .text.USB_EPSetStall  stm32f4xx_ll_usb.o
    0x0800f088   0x0800f088   0x000003f8   Code   RO         1376    .text.USB_EPStartXfer  stm32f4xx_ll_usb.o
    0x0800f480   0x0800f480   0x0000011c   Code   RO         1380    .text.USB_EPStopXfer  stm32f4xx_ll_usb.o
    0x0800f59c   0x0800f59c   0x00000014   Code   RO         1350    .text.USB_EnableGlobalInt  stm32f4xx_ll_usb.o
    0x0800f5b0   0x0800f5b0   0x00000074   Code   RO         1364    .text.USB_FlushRxFifo  stm32f4xx_ll_usb.o
    0x0800f624   0x0800f624   0x0000007a   Code   RO         1362    .text.USB_FlushTxFifo  stm32f4xx_ll_usb.o
    0x0800f69e   0x0800f69e   0x00000002   PAD
    0x0800f6a0   0x0800f6a0   0x0000004c   Code   RO         1366    .text.USB_GetDevSpeed  stm32f4xx_ll_usb.o
    0x0800f6ec   0x0800f6ec   0x00000010   Code   RO         1356    .text.USB_GetMode   stm32f4xx_ll_usb.o
    0x0800f6fc   0x0800f6fc   0x00000024   Code   RO         1402    .text.USB_ReadDevAllInEpInterrupt  stm32f4xx_ll_usb.o
    0x0800f720   0x0800f720   0x00000024   Code   RO         1400    .text.USB_ReadDevAllOutEpInterrupt  stm32f4xx_ll_usb.o
    0x0800f744   0x0800f744   0x0000004e   Code   RO         1406    .text.USB_ReadDevInEPInterrupt  stm32f4xx_ll_usb.o
    0x0800f792   0x0800f792   0x00000002   PAD
    0x0800f794   0x0800f794   0x0000002e   Code   RO         1404    .text.USB_ReadDevOutEPInterrupt  stm32f4xx_ll_usb.o
    0x0800f7c2   0x0800f7c2   0x00000002   PAD
    0x0800f7c4   0x0800f7c4   0x0000001a   Code   RO         1396    .text.USB_ReadInterrupts  stm32f4xx_ll_usb.o
    0x0800f7de   0x0800f7de   0x00000002   PAD
    0x0800f7e0   0x0800f7e0   0x000000b4   Code   RO         1382    .text.USB_ReadPacket  stm32f4xx_ll_usb.o
    0x0800f894   0x0800f894   0x000000de   Code   RO         1354    .text.USB_SetCurrentMode  stm32f4xx_ll_usb.o
    0x0800f972   0x0800f972   0x00000002   PAD
    0x0800f974   0x0800f974   0x00000036   Code   RO         1390    .text.USB_SetDevAddress  stm32f4xx_ll_usb.o
    0x0800f9aa   0x0800f9aa   0x00000002   PAD
    0x0800f9ac   0x0800f9ac   0x00000022   Code   RO         1360    .text.USB_SetDevSpeed  stm32f4xx_ll_usb.o
    0x0800f9ce   0x0800f9ce   0x00000002   PAD
    0x0800f9d0   0x0800f9d0   0x000001ba   Code   RO         1348    .text.USB_SetTurnaroundTime  stm32f4xx_ll_usb.o
    0x0800fb8a   0x0800fb8a   0x00000002   PAD
    0x0800fb8c   0x0800fb8c   0x00000082   Code   RO         1378    .text.USB_WritePacket  stm32f4xx_ll_usb.o
    0x0800fc0e   0x0800fc0e   0x00000002   PAD
    0x0800fc10   0x0800fc10   0x00000020   Code   RO          153    .text.USER_CAN_TxMessage  bsp_can.o
    0x0800fc30   0x0800fc30   0x000000b0   Code   RO          285    .text.USER_USART3_RxHandler  bsp_uart.o
    0x0800fce0   0x0800fce0   0x00000004   Code   RO          657    .text.UsageFault_Handler  stm32f4xx_it.o
    0x0800fce4   0x0800fce4   0x0000008c   Code   RO          277    .text.Usart_Justfloat_Transmit  bsp_uart.o
    0x0800fd70   0x0800fd70   0x0000005c   Code   RO          266    .text.User_Tim_SetCompare  bsp_tim.o
    0x0800fdcc   0x0800fdcc   0x000000e6   Code   RO          136    .text.Vision_Task   vision_task.o
    0x0800feb2   0x0800feb2   0x00000002   PAD
    0x0800feb4   0x0800feb4   0x0000001c   Code   RO          385    .text.__ARM_isinff  pid.o
    0x0800fed0   0x0800fed0   0x00000018   Code   RO          383    .text.__ARM_isnanf  pid.o
    0x0800fee8   0x0800fee8   0x00000030   Code   RO         1735    .text.__NVIC_EnableIRQ  stm32f4xx_hal_cortex.o
    0x0800ff18   0x0800ff18   0x00000010   Code   RO         1727    .text.__NVIC_GetPriorityGrouping  stm32f4xx_hal_cortex.o
    0x0800ff28   0x0800ff28   0x00000042   Code   RO         1729    .text.__NVIC_SetPriority  stm32f4xx_hal_cortex.o
    0x0800ff6a   0x0800ff6a   0x00000002   PAD
    0x0800ff6c   0x0800ff6c   0x0000003c   Code   RO         1723    .text.__NVIC_SetPriorityGrouping  stm32f4xx_hal_cortex.o
    0x0800ffa8   0x0800ffa8   0x0000002c   Code   RO          426    .text.bit8TOfloat32  minipc.o
    0x0800ffd4   0x0800ffd4   0x00000198   Code   RO          441    .text.encoder_to_angle  motor.o
    0x0801016c   0x0801016c   0x00000178   Code   RO          443    .text.encoder_to_anglesum  motor.o
    0x080102e4   0x080102e4   0x00000282   Code   RO          379    .text.f_PID_Calculate  pid.o
    0x08010566   0x08010566   0x00000002   PAD
    0x08010568   0x08010568   0x000000c4   Code   RO          451    .text.f_loop_constrain  motor.o
    0x0801062c   0x0801062c   0x00000058   Code   RO          457    .text.float_to_uint  motor.o
    0x08010684   0x08010684   0x00000066   Code   RO          303    .text.get_CRC16_check_sum  crc.o
    0x080106ea   0x080106ea   0x00000002   PAD
    0x080106ec   0x080106ec   0x00000014   Code   RO         1061    .text.inHandlerMode  cmsis_os.o
    0x08010700   0x08010700   0x00000054   Code   RO          509    .text.main          main.o
    0x08010754   0x08010754   0x00000028   Code   RO         1065    .text.makeFreeRtosPriority  cmsis_os.o
    0x0801077c   0x0801077c   0x00000028   Code   RO         1079    .text.osDelay       cmsis_os.o
    0x080107a4   0x080107a4   0x00000030   Code   RO         1149    .text.osDelayUntil  cmsis_os.o
    0x080107d4   0x080107d4   0x0000000a   Code   RO         1055    .text.osKernelStart  cmsis_os.o
    0x080107de   0x080107de   0x00000002   PAD
    0x080107e0   0x080107e0   0x00000022   Code   RO         1059    .text.osKernelSysTick  cmsis_os.o
    0x08010802   0x08010802   0x00000002   PAD
    0x08010804   0x08010804   0x000000ac   Code   RO         1063    .text.osThreadCreate  cmsis_os.o
    0x080108b0   0x080108b0   0x000000fc   Code   RO          923    .text.prvAddCurrentTaskToDelayedList  tasks.o
    0x080109ac   0x080109ac   0x00000110   Code   RO          909    .text.prvAddNewTaskToReadyList  tasks.o
    0x08010abc   0x08010abc   0x0000005a   Code   RO         1023    .text.prvCheckTasksWaitingTermination  tasks.o
    0x08010b16   0x08010b16   0x00000002   PAD
    0x08010b18   0x08010b18   0x0000005e   Code   RO          915    .text.prvDeleteTCB  tasks.o
    0x08010b76   0x08010b76   0x00000002   PAD
    0x08010b78   0x08010b78   0x000000bc   Code   RO         1181    .text.prvHeapInit   heap_4.o
    0x08010c34   0x08010c34   0x00000038   Code   RO          949    .text.prvIdleTask   tasks.o
    0x08010c6c   0x08010c6c   0x00000128   Code   RO          907    .text.prvInitialiseNewTask  tasks.o
    0x08010d94   0x08010d94   0x0000008e   Code   RO         1021    .text.prvInitialiseTaskLists  tasks.o
    0x08010e22   0x08010e22   0x00000002   PAD
    0x08010e24   0x08010e24   0x000000c6   Code   RO         1183    .text.prvInsertBlockIntoFreeList  heap_4.o
    0x08010eea   0x08010eea   0x00000002   PAD
    0x08010eec   0x08010eec   0x00000028   Code   RO         1222    .text.prvPortStartFirstTask  port.o
    0x08010f14   0x08010f14   0x00000046   Code   RO          917    .text.prvResetNextTaskUnblockTime  tasks.o
    0x08010f5a   0x08010f5a   0x00000002   PAD
    0x08010f5c   0x08010f5c   0x0000004c   Code   RO         1212    .text.prvTaskExitError  port.o
    0x08010fa8   0x08010fa8   0x000001ec   Code   RO         1179    .text.pvPortMalloc  heap_4.o
    0x08011194   0x08011194   0x0000005e   Code   RO         1210    .text.pxPortInitialiseStack  port.o
    0x080111f2   0x080111f2   0x00000002   PAD
    0x080111f4   0x080111f4   0x00000052   Code   RO          447    .text.uint_to_float  motor.o
    0x08011246   0x08011246   0x00000002   PAD
    0x08011248   0x08011248   0x00000048   Code   RO          773    .text.uxListRemove  list.o
    0x08011290   0x08011290   0x0000002c   Code   RO          533    .text.vApplicationGetIdleTaskMemory  freertos.o
    0x080112bc   0x080112bc   0x0000002e   Code   RO          765    .text.vListInitialise  list.o
    0x080112ea   0x080112ea   0x00000002   PAD
    0x080112ec   0x080112ec   0x0000000e   Code   RO          767    .text.vListInitialiseItem  list.o
    0x080112fa   0x080112fa   0x00000002   PAD
    0x080112fc   0x080112fc   0x0000006a   Code   RO          771    .text.vListInsert   list.o
    0x08011366   0x08011366   0x00000002   PAD
    0x08011368   0x08011368   0x0000003a   Code   RO          769    .text.vListInsertEnd  list.o
    0x080113a2   0x080113a2   0x00000002   PAD
    0x080113a4   0x080113a4   0x00000014   Code   RO         1220    .text.vPortEnableVFP  port.o
    0x080113b8   0x080113b8   0x00000056   Code   RO         1226    .text.vPortEnterCritical  port.o
    0x0801140e   0x0801140e   0x00000002   PAD
    0x08011410   0x08011410   0x0000004a   Code   RO         1228    .text.vPortExitCritical  port.o
    0x0801145a   0x0801145a   0x00000002   PAD
    0x0801145c   0x0801145c   0x000000ce   Code   RO         1185    .text.vPortFree     heap_4.o
    0x0801152a   0x0801152a   0x00000002   PAD
    0x0801152c   0x0801152c   0x00000044   Code   RO         1218    .text.vPortSetupTimerInterrupt  port.o
    0x08011570   0x08011570   0x00000084   Code   RO         1234    .text.vPortValidateInterruptPriority  port.o
    0x080115f4   0x080115f4   0x0000006e   Code   RO          927    .text.vTaskDelay    tasks.o
    0x08011662   0x08011662   0x00000002   PAD
    0x08011664   0x08011664   0x00000114   Code   RO          919    .text.vTaskDelayUntil  tasks.o
    0x08011778   0x08011778   0x000000ce   Code   RO          947    .text.vTaskStartScheduler  tasks.o
    0x08011846   0x08011846   0x00000002   PAD
    0x08011848   0x08011848   0x00000010   Code   RO          921    .text.vTaskSuspendAll  tasks.o
    0x08011858   0x08011858   0x000000be   Code   RO          939    .text.vTaskSwitchContext  tasks.o
    0x08011916   0x08011916   0x00000002   PAD
    0x08011918   0x08011918   0x00000156   Code   RO         1216    .text.xPortStartScheduler  port.o
    0x08011a6e   0x08011a6e   0x00000002   PAD
    0x08011a70   0x08011a70   0x0000009e   Code   RO          911    .text.xTaskCreate   tasks.o
    0x08011b0e   0x08011b0e   0x00000002   PAD
    0x08011b10   0x08011b10   0x000000ce   Code   RO          905    .text.xTaskCreateStatic  tasks.o
    0x08011bde   0x08011bde   0x00000002   PAD
    0x08011be0   0x08011be0   0x00000014   Code   RO          955    .text.xTaskGetTickCount  tasks.o
    0x08011bf4   0x08011bf4   0x0000001e   Code   RO          957    .text.xTaskGetTickCountFromISR  tasks.o
    0x08011c12   0x08011c12   0x00000002   PAD
    0x08011c14   0x08011c14   0x000001b8   Code   RO          953    .text.xTaskIncrementTick  tasks.o
    0x08011dcc   0x08011dcc   0x00000178   Code   RO          925    .text.xTaskResumeAll  tasks.o
    0x08011f44   0x08011f44   0x00000026   Code   RO         3549    i.__ARM_fpclassifyf  m_wm.l(fpclassifyf.o)
    0x08011f6a   0x08011f6a   0x00000002   PAD
    0x08011f6c   0x08011f6c   0x00000118   Code   RO         3244    i.__hardfp_acosf    m_wm.l(acosf.o)
    0x08012084   0x08012084   0x0000012c   Code   RO         3250    i.__hardfp_asinf    m_wm.l(asinf.o)
    0x080121b0   0x080121b0   0x000002ac   Code   RO         3262    i.__hardfp_atan2f   m_wm.l(atan2f.o)
    0x0801245c   0x0801245c   0x00000006   Code   RO         3552    i.__mathlib_flt_infnan  m_wm.l(funder.o)
    0x08012462   0x08012462   0x00000006   Code   RO         3553    i.__mathlib_flt_infnan2  m_wm.l(funder.o)
    0x08012468   0x08012468   0x00000010   Code   RO         3554    i.__mathlib_flt_invalid  m_wm.l(funder.o)
    0x08012478   0x08012478   0x00000010   Code   RO         3557    i.__mathlib_flt_underflow  m_wm.l(funder.o)
    0x08012488   0x08012488   0x0000003e   Code   RO         3578    i.sqrtf             m_wm.l(sqrtf.o)
    0x080124c6   0x080124c6   0x00000016   Code   RO         3654    x$fpl$fpinit        g_wm.l(fpinit.o)
    0x080124dc   0x080124dc   0x00000000   Code   RO         3516    x$fpl$usenofp       g_wm.l(usenofp.o)
    0x080124dc   0x080124dc   0x0000001c   Data   RO          558    .rodata..L__const.MX_FREERTOS_Init.os_thread_def_StartCANTask  freertos.o
    0x080124f8   0x080124f8   0x0000001c   Data   RO          556    .rodata..L__const.MX_FREERTOS_Init.os_thread_def_StartControlTas  freertos.o
    0x08012514   0x08012514   0x0000001c   Data   RO          554    .rodata..L__const.MX_FREERTOS_Init.os_thread_def_StartDetectTask  freertos.o
    0x08012530   0x08012530   0x0000001c   Data   RO          550    .rodata..L__const.MX_FREERTOS_Init.os_thread_def_StartINSTask  freertos.o
    0x0801254c   0x0801254c   0x0000001c   Data   RO          552    .rodata..L__const.MX_FREERTOS_Init.os_thread_def_StartVisionTask  freertos.o
    0x08012568   0x08012568   0x00000010   Data   RO          726    .rodata.AHBPrescTable  system_stm32f4xx.o
    0x08012578   0x08012578   0x00000008   Data   RO          727    .rodata.APBPrescTable  system_stm32f4xx.o
    0x08012580   0x08012580   0x00000008   Data   RO         1653    .rodata.DMA_CalcBaseAndBitshift.flagBitshiftOffset  stm32f4xx_hal_dma.o
    0x08012588   0x08012588   0x0000004a   Data   RO          549    .rodata.str1.1      freertos.o
    0x080125d2   0x080125d2   0x00000005   Data   RO         1039    .rodata.str1.1      tasks.o
    0x080125d7   0x080125d7   0x00000042   Data   RO         2581    .rodata.str1.1      usbd_desc.o
    0x08012619   0x08012619   0x00000001   PAD
    0x0801261a   0x0801261a   0x00000200   Data   RO          312    .rodata.wCRC_table  crc.o
    0x0801281a   0x0801281a   0x00000002   PAD
    0x0801281c   0x0801281c   0x00000020   Data   RO         3800    Region$$Table       anon$$obj.o


    Execution Region RW_IRAM1 (Exec base: 0x20000000, Load base: 0x08012840, Size: 0x00011348, Max: 0x0001c000, ABSOLUTE, COMPRESSED[0x000001b8])

    Exec Addr    Load Addr    Size         Type   Attr      Idx    E Section Name        Object

    0x20000000   COMPRESSED   0x00000012   Data   RW          413    .data.Accel_Register_ConfigurationData_ErrorStatus  bmi088.o
    0x20000012   COMPRESSED   0x00000002   PAD
    0x20000014   COMPRESSED   0x00000004   Data   RW          411    .data.BMI088_ACCEL_SEN  bmi088.o
    0x20000018   COMPRESSED   0x00000004   Data   RW          412    .data.BMI088_GYRO_SEN  bmi088.o
    0x2000001c   COMPRESSED   0x00000001   Data   RW         2831    .data.CDCCmdEpAdd   usbd_cdc.o
    0x2000001d   COMPRESSED   0x00000001   Data   RW         2829    .data.CDCInEpAdd    usbd_cdc.o
    0x2000001e   COMPRESSED   0x00000001   Data   RW         2830    .data.CDCOutEpAdd   usbd_cdc.o
    0x2000001f   COMPRESSED   0x00000001   PAD
    0x20000020   COMPRESSED   0x000000c8   Data   RW          463    .data.DJI_Motor     motor.o
    0x200000e8   COMPRESSED   0x00000038   Data   RW          461    .data.Damiao_Pitch_Motor  motor.o
    0x20000120   COMPRESSED   0x00000038   Data   RW          462    .data.Damiao_Yaw_Motor  motor.o
    0x20000158   COMPRESSED   0x0000001c   Data   RW         2577    .data.FS_Desc       usbd_desc.o
    0x20000174   COMPRESSED   0x00000012   Data   RW          414    .data.Gyro_Register_ConfigurationData_ErrorStatus  bmi088.o
    0x20000186   COMPRESSED   0x00000002   PAD
    0x20000188   COMPRESSED   0x0000000c   Data   RW          125    .data.INS_LPF2p_Alpha  ins_task.o
    0x20000194   COMPRESSED   0x0000001c   Data   RW          429    .data.MiniPC_SendPacket  minipc.o
    0x200001b0   COMPRESSED   0x00000018   Data   RW           87    .data.PID_Pitch_KeyBoard_Angle_Param  control_task.o
    0x200001c8   COMPRESSED   0x00000018   Data   RW           88    .data.PID_Pitch_KeyBoard_Velocity_Param  control_task.o
    0x200001e0   COMPRESSED   0x00000018   Data   RW           83    .data.PID_Pitch_Vision_Angle_Param  control_task.o
    0x200001f8   COMPRESSED   0x00000018   Data   RW           84    .data.PID_Pitch_Vision_Velocity_Param  control_task.o
    0x20000210   COMPRESSED   0x00000018   Data   RW           91    .data.PID_Shoot_Velocity_Param  control_task.o
    0x20000228   COMPRESSED   0x00000018   Data   RW           92    .data.PID_Trigger_Angle_Param  control_task.o
    0x20000240   COMPRESSED   0x00000018   Data   RW           93    .data.PID_Trigger_Velocity_Param  control_task.o
    0x20000258   COMPRESSED   0x00000018   Data   RW           89    .data.PID_Yaw_KeyBoard_Angle_Param  control_task.o
    0x20000270   COMPRESSED   0x00000018   Data   RW           90    .data.PID_Yaw_KeyBoard_Velocity_Param  control_task.o
    0x20000288   COMPRESSED   0x00000018   Data   RW           85    .data.PID_Yaw_Vision_Angle_Param  control_task.o
    0x200002a0   COMPRESSED   0x00000018   Data   RW           86    .data.PID_Yaw_Vision_Velocity_Param  control_task.o
    0x200002b8   COMPRESSED   0x00000024   Data   RW          164    .data.Pitch_TxFrame  bsp_can.o
    0x200002dc   COMPRESSED   0x00000090   Data   RW          127    .data.QuaternionEKF_A_Data  ins_task.o
    0x2000036c   COMPRESSED   0x00000090   Data   RW          128    .data.QuaternionEKF_P_Data  ins_task.o
    0x200003fc   COMPRESSED   0x00000024   Data   RW          166    .data.Send2Chassis_TxFrame  bsp_can.o
    0x20000420   COMPRESSED   0x00000024   Data   RW          163    .data.Shoot_TxFrame  bsp_can.o
    0x20000444   COMPRESSED   0x00000004   Data   RW          725    .data.SystemCoreClock  system_stm32f4xx.o
    0x20000448   COMPRESSED   0x00000018   Data   RW          126    .data.TemCtrl_PID_Param  ins_task.o
    0x20000460   COMPRESSED   0x00000038   Data   RW         2827    .data.USBD_CDC      usbd_cdc.o
    0x20000498   COMPRESSED   0x00000043   Data   RW         2832    .data.USBD_CDC_CfgDesc  usbd_cdc.o
    0x200004db   COMPRESSED   0x00000001   PAD
    0x200004dc   COMPRESSED   0x0000000a   Data   RW         2828    .data.USBD_CDC_DeviceQualifierDesc  usbd_cdc.o
    0x200004e6   COMPRESSED   0x00000002   PAD
    0x200004e8   COMPRESSED   0x00000012   Data   RW         2578    .data.USBD_FS_DeviceDesc  usbd_desc.o
    0x200004fa   COMPRESSED   0x00000002   PAD
    0x200004fc   COMPRESSED   0x00000014   Data   RW         2602    .data.USBD_Interface_fops_FS  usbd_cdc_if.o
    0x20000510   COMPRESSED   0x00000004   Data   RW         2579    .data.USBD_LangIDDesc  usbd_desc.o
    0x20000514   COMPRESSED   0x0000001a   Data   RW         2580    .data.USBD_StringSerial  usbd_desc.o
    0x2000052e   COMPRESSED   0x00000002   PAD
    0x20000530   COMPRESSED   0x00000024   Data   RW          165    .data.Yaw_TxFrame   bsp_can.o
    0x20000554   COMPRESSED   0x00000018   Data   RW          499    .data.remote_ctrl   remote_control.o
    0x2000056c   COMPRESSED   0x00000001   Data   RW         1853    .data.uwTickFreq    stm32f4xx_hal.o
    0x2000056d   COMPRESSED   0x00000003   PAD
    0x20000570   COMPRESSED   0x00000004   Data   RW         1852    .data.uwTickPrio    stm32f4xx_hal.o
    0x20000574   COMPRESSED   0x00000004   Data   RW         1238    .data.uxCriticalNesting  port.o
    0x20000578        -       0x00000060   Zero   RW         3587    .bss                c_w.l(libspace.o)
    0x200005d8        -       0x0000003c   Zero   RW          410    .bss.BMI088_Info    bmi088.o
    0x20000614        -       0x00000028   Zero   RW          168    .bss.CAN1_RxFrame   bsp_can.o
    0x2000063c        -       0x00000028   Zero   RW          169    .bss.CAN2_RxFrame   bsp_can.o
    0x20000664        -       0x000000b4   Zero   RW           82    .bss.Control_Info   control_task.o
    0x20000718        -       0x00000002   Zero   RW          468    .bss.Damiao_Motor_CAN_Send.KD_Tmp  motor.o
    0x2000071a        -       0x00000002   Zero   RW          467    .bss.Damiao_Motor_CAN_Send.KP_Tmp  motor.o
    0x2000071c        -       0x00000002   Zero   RW          464    .bss.Damiao_Motor_CAN_Send.Postion_Tmp  motor.o
    0x2000071e        -       0x00000002   Zero   RW          466    .bss.Damiao_Motor_CAN_Send.Torque_Tmp  motor.o
    0x20000720        -       0x00000002   Zero   RW          465    .bss.Damiao_Motor_CAN_Send.Velocity_Tmp  motor.o
    0x20000722        -       0x00000001   Zero   RW           46    .bss.Enable_Flag    can_task.o
    0x20000723   COMPRESSED   0x00000001   PAD
    0x20000724        -       0x00000004   Zero   RW          577    .bss.HAL_RCC_CAN1_CLK_ENABLED  can.o
    0x20000728        -       0x00000060   Zero   RW          121    .bss.INS_AcceLPF2p  ins_task.o
    0x20000788        -       0x00000048   Zero   RW          122    .bss.INS_Info       ins_task.o
    0x200007d0        -       0x00000018   Zero   RW          501    .bss.KeyBoard_Info  remote_control.o
    0x200007e8        -       0x00000010   Zero   RW          142    .bss.MiniPC_SendBuf  vision_task.o
    0x200007f8        -       0x00000001   Zero   RW           47    .bss.Motor_Enable_Cnt  can_task.o
    0x200007f9   COMPRESSED   0x00000003   PAD
    0x200007fc        -       0x000000a0   Zero   RW           98    .bss.PID_Pitch_KeyBoard  control_task.o
    0x2000089c        -       0x000000a0   Zero   RW           96    .bss.PID_Pitch_Vision  control_task.o
    0x2000093c        -       0x000000a0   Zero   RW           94    .bss.PID_Shoot      control_task.o
    0x200009dc        -       0x000000a0   Zero   RW           95    .bss.PID_Trigger    control_task.o
    0x20000a7c        -       0x000000a0   Zero   RW           99    .bss.PID_Yaw_KeyBoard  control_task.o
    0x20000b1c        -       0x000000a0   Zero   RW           97    .bss.PID_Yaw_Vision  control_task.o
    0x20000bbc        -       0x00000004   Zero   RW          140    .bss.Pitch          vision_task.o
    0x20000bc0        -       0x000001a4   Zero   RW          123    .bss.Quaternion_Info  ins_task.o
    0x20000d64        -       0x00000004   Zero   RW          141    .bss.Roll           vision_task.o
    0x20000d68        -       0x00000048   Zero   RW          500    .bss.SBUS_MultiRx_Buf  remote_control.o
    0x20000db0        -       0x00000004   Zero   RW          559    .bss.StartCANTaskHandle  freertos.o
    0x20000db4        -       0x00000004   Zero   RW          557    .bss.StartControlTasHandle  freertos.o
    0x20000db8        -       0x00000004   Zero   RW          555    .bss.StartDetectTaskHandle  freertos.o
    0x20000dbc        -       0x00000004   Zero   RW          551    .bss.StartINSTaskHandle  freertos.o
    0x20000dc0        -       0x00000004   Zero   RW          553    .bss.StartVisionTaskHandle  freertos.o
    0x20000dc4        -       0x00000050   Zero   RW          124    .bss.TempCtrl_PID   ins_task.o
    0x20000e14        -       0x00000010   Zero   RW          289    .bss.Tx_Buf         bsp_uart.o
    0x20000e24        -       0x00000001   Zero   RW         2768    .bss.USBD_SetConfig.cfgidx  usbd_ctlreq.o
    0x20000e25   COMPRESSED   0x00000003   PAD
    0x20000e28        -       0x00000200   Zero   RW         2582    .bss.USBD_StrDesc   usbd_desc.o
    0x20001028        -       0x00000220   Zero   RW         2675    .bss.USBD_static_malloc.mem  usbd_conf.o
    0x20001248        -       0x00000004   Zero   RW          167    .bss.USER_CAN_TxMessage.TxMailbox  bsp_can.o
    0x2000124c        -       0x00000800   Zero   RW         2603    .bss.UserRxBufferFS  usbd_cdc_if.o
    0x20001a4c        -       0x00000800   Zero   RW         2604    .bss.UserTxBufferFS  usbd_cdc_if.o
    0x2000224c        -       0x0000000c   Zero   RW          143    .bss.Vision_Info    vision_task.o
    0x20002258        -       0x00000004   Zero   RW          139    .bss.Yaw            vision_task.o
    0x2000225c        -       0x000002dc   Zero   RW         2552    .bss.hUsbDeviceFS   usb_device.o
    0x20002538        -       0x00000028   Zero   RW          575    .bss.hcan1          can.o
    0x20002560        -       0x00000028   Zero   RW          576    .bss.hcan2          can.o
    0x20002588        -       0x00000060   Zero   RW          639    .bss.hdma_usart1_rx  usart.o
    0x200025e8        -       0x00000060   Zero   RW          640    .bss.hdma_usart1_tx  usart.o
    0x20002648        -       0x00000060   Zero   RW          641    .bss.hdma_usart3_rx  usart.o
    0x200026a8        -       0x000004e4   Zero   RW         2674    .bss.hpcd_USB_OTG_FS  usbd_conf.o
    0x20002b8c        -       0x00000058   Zero   RW          599    .bss.hspi1          spi.o
    0x20002be4        -       0x00000048   Zero   RW          619    .bss.htim1          tim.o
    0x20002c2c        -       0x00000048   Zero   RW          621    .bss.htim10         tim.o
    0x20002c74        -       0x00000048   Zero   RW          704    .bss.htim2          stm32f4xx_hal_timebase_tim.o
    0x20002cbc        -       0x00000048   Zero   RW          620    .bss.htim4          tim.o
    0x20002d04        -       0x00000048   Zero   RW          637    .bss.huart1         usart.o
    0x20002d4c        -       0x00000048   Zero   RW          638    .bss.huart3         usart.o
    0x20002d94        -       0x00000004   Zero   RW         1025    .bss.pxCurrentTCB   tasks.o
    0x20002d98        -       0x00000004   Zero   RW         1035    .bss.pxDelayedTaskList  tasks.o
    0x20002d9c        -       0x00000004   Zero   RW         1195    .bss.pxEnd          heap_4.o
    0x20002da0        -       0x00000004   Zero   RW         1036    .bss.pxOverflowDelayedTaskList  tasks.o
    0x20002da4        -       0x0000008c   Zero   RW         1026    .bss.pxReadyTasksLists  tasks.o
    0x20002e30        -       0x00000004   Zero   RW           48    .bss.systick        can_task.o
    0x20002e34        -       0x00006000   Zero   RW         1202    .bss.ucHeap         heap_4.o
    0x20008e34        -       0x00000001   Zero   RW         1236    .bss.ucMaxSysCallPriority  port.o
    0x20008e35   COMPRESSED   0x00000003   PAD
    0x20008e38        -       0x00000004   Zero   RW         1237    .bss.ulMaxPRIGROUPValue  port.o
    0x20008e3c        -       0x00000004   Zero   RW         1854    .bss.uwTick         stm32f4xx_hal.o
    0x20008e40        -       0x00000004   Zero   RW         1031    .bss.uxCurrentNumberOfTasks  tasks.o
    0x20008e44        -       0x00000004   Zero   RW         1030    .bss.uxDeletedTasksWaitingCleanUp  tasks.o
    0x20008e48        -       0x00000004   Zero   RW         1033    .bss.uxSchedulerSuspended  tasks.o
    0x20008e4c        -       0x00000004   Zero   RW         1028    .bss.uxTaskNumber   tasks.o
    0x20008e50        -       0x00000004   Zero   RW         1027    .bss.uxTopReadyPriority  tasks.o
    0x20008e54        -       0x00000004   Zero   RW         1196    .bss.xBlockAllocatedBit  heap_4.o
    0x20008e58        -       0x00000014   Zero   RW         1045    .bss.xDelayedTaskList1  tasks.o
    0x20008e6c        -       0x00000014   Zero   RW         1046    .bss.xDelayedTaskList2  tasks.o
    0x20008e80        -       0x00000004   Zero   RW         1197    .bss.xFreeBytesRemaining  heap_4.o
    0x20008e84        -       0x00000400   Zero   RW          548    .bss.xIdleStack     freertos.o
    0x20009284        -       0x00000004   Zero   RW         1040    .bss.xIdleTaskHandle  tasks.o
    0x20009288        -       0x00000054   Zero   RW          547    .bss.xIdleTaskTCBBuffer  freertos.o
    0x200092dc        -       0x00000004   Zero   RW         1199    .bss.xMinimumEverFreeBytesRemaining  heap_4.o
    0x200092e0        -       0x00000004   Zero   RW         1041    .bss.xNextTaskUnblockTime  tasks.o
    0x200092e4        -       0x00000004   Zero   RW         1044    .bss.xNumOfOverflows  tasks.o
    0x200092e8        -       0x00000004   Zero   RW         1200    .bss.xNumberOfSuccessfulAllocations  heap_4.o
    0x200092ec        -       0x00000004   Zero   RW         1201    .bss.xNumberOfSuccessfulFrees  heap_4.o
    0x200092f0        -       0x00000004   Zero   RW         1043    .bss.xPendedTicks   tasks.o
    0x200092f4        -       0x00000014   Zero   RW         1038    .bss.xPendingReadyList  tasks.o
    0x20009308        -       0x00000004   Zero   RW         1032    .bss.xSchedulerRunning  tasks.o
    0x2000930c        -       0x00000008   Zero   RW         1198    .bss.xStart         heap_4.o
    0x20009314        -       0x00000014   Zero   RW         1037    .bss.xSuspendedTaskList  tasks.o
    0x20009328        -       0x00000014   Zero   RW         1029    .bss.xTasksWaitingTermination  tasks.o
    0x2000933c        -       0x00000004   Zero   RW         1034    .bss.xTickCount     tasks.o
    0x20009340        -       0x00000004   Zero   RW         1042    .bss.xYieldPending  tasks.o
    0x20009344   COMPRESSED   0x00000004   PAD
    0x20009348        -       0x00004000   Zero   RW          712    HEAP                startup_stm32f407xx.o
    0x2000d348        -       0x00004000   Zero   RW          711    STACK               startup_stm32f407xx.o


    Execution Region RW_IRAM2 (Exec base: 0x2001c000, Load base: 0x080129f8, Size: 0x00000000, Max: 0x00004000, ABSOLUTE)

    **** No section assigned to this execution region ****


==============================================================================

Image component sizes


      Code (inc. data)   RO Data    RW Data    ZI Data      Debug   Object Name

      3886         40          0          0          0       7285   api_quaternion.o
      1446          0          0         44         60       3789   bmi088.o
       480          0          0        144         84       4754   bsp_can.o
        76          0          0          0          0       1550   bsp_gpio.o
        24          0          0          0          0        370   bsp_mcu.o
        52          0          0          0          0        596   bsp_spi.o
       120          0          0          0          0       1476   bsp_tick.o
       168         14          0          0          0       4143   bsp_tim.o
       602          0          0          0         16       4960   bsp_uart.o
       564          0          0          0         84       6436   can.o
       632          4          0          0          6       1391   can_task.o
       364          0          0          0          0      16978   cmsis_os.o
      3150         84          0        264       1140       7999   control_task.o
       102          0        512          0          0       2186   crc.o
        28          0          0          0          0        466   detect_task.o
       134          0          0          0          0       3329   dma.o
       364          0        214          0       1128       3671   freertos.o
       470          0          0          0          0       4148   gpio.o
      1084          0          0          0      24608       4417   heap_4.o
       780         40          0        324        668       5594   ins_task.o
      2500          0          0          0          0       6342   kalman.o
       296          0          0          0          0       2217   list.o
       162          0          0          0          0       1560   lpf.o
       310          0          0          0          0       5719   main.o
       250          0          0         28          0       2090   minipc.o
      2330         72          0        312         10       7996   motor.o
       946          0          0          0          0       3071   pid.o
      1128         16          0          4          5       3825   port.o
       368          0          0         24         96       2606   remote_control.o
       308          0          0          0         88       4934   spi.o
        64         26        392          0      32768        840   startup_stm32f407xx.o
       158          0          0          5          4       7113   stm32f4xx_hal.o
      3088          0          0          0          0      11505   stm32f4xx_hal_can.o
       384          0          0          0          0       9687   stm32f4xx_hal_cortex.o
      2068          8          8          0          0       8470   stm32f4xx_hal_dma.o
      1062          0          0          0          0       5089   stm32f4xx_hal_gpio.o
        88          0          0          0          0       3359   stm32f4xx_hal_msp.o
      4970          0          0          0          0      14342   stm32f4xx_hal_pcd.o
       192          0          0          0          0       4225   stm32f4xx_hal_pcd_ex.o
      2784          0          0          0          0       7565   stm32f4xx_hal_rcc.o
      1688          0          0          0          0      19364   stm32f4xx_hal_spi.o
      4164         14          0          0          0      35846   stm32f4xx_hal_tim.o
       484          0          0          0          0      15261   stm32f4xx_hal_tim_ex.o
       236          0          0          0         72       7104   stm32f4xx_hal_timebase_tim.o
      2848          0          0          0          0      20231   stm32f4xx_hal_uart.o
       198          0          0          0          0       1990   stm32f4xx_it.o
      5100          0          0          0          0      19713   stm32f4xx_ll_usb.o
        18          0         24          4          0       2526   system_stm32f4xx.o
      3300          0          5          0        300      23508   tasks.o
      1190          0          0          0        216       7337   tim.o
       778          0          0          0        432       7377   usart.o
       172          0          0          0        732       3647   usb_device.o
      2506         12          0        136          0      10786   usbd_cdc.o
       310         36          0         20       4096       2606   usbd_cdc_if.o
      1396          4          0          0       1796      14407   usbd_conf.o
      2130          0          0          0          0       8923   usbd_core.o
      3396         30          0          0          1       8523   usbd_ctlreq.o
       572          0         66         76        512       3216   usbd_desc.o
       232          0          0          0          0       4159   usbd_ioreq.o
       230          0          0          0         40       2062   vision_task.o

    ----------------------------------------------------------------------
     69316        400       1256       1400      68976     416679   Object Totals
         0          0         32          0          0          0   (incl. Generated)
       386          0          3         15         14          0   (incl. Padding)

    ----------------------------------------------------------------------

      Code (inc. data)   RO Data    RW Data    ZI Data      Debug   Library Member Name

         0          0          0          0          0      17868   arm_cos_f32.o
       264          0          0          0          0       1826   arm_mat_add_f32.o
         8          0          0          0          0        999   arm_mat_init_f32.o
      1328          4          0          0          0       4782   arm_mat_inverse_f32.o
       316          4          0          0          0       2375   arm_mat_mult_f32.o
       264          0          0          0          0       1826   arm_mat_sub_f32.o
       276          0          0          0          0       2240   arm_mat_trans_f32.o
        90          0          0          0          0          0   __dczerorl2.o
         8          0          0          0          0         68   __main.o
         0          0          0          0          0          0   __rtentry.o
        12          0          0          0          0          0   __rtentry2.o
         6          0          0          0          0          0   __rtentry4.o
        52          8          0          0          0          0   __scatter.o
        28          0          0          0          0          0   __scatter_zi.o
        22          0          0          0          0        100   _rserrno.o
        16          0          0          0          0         68   aeabi_memset4.o
        10          0          0          0          0         68   defsig_exit.o
        50          0          0          0          0         88   defsig_general.o
        80         58          0          0          0         76   defsig_rtmem_inner.o
        14          0          0          0          0         80   defsig_rtmem_outer.o
        18          0          0          0          0         80   exit.o
        94          0          0          0          0         80   h1_alloc.o
        52          0          0          0          0         68   h1_extend.o
        78          0          0          0          0         80   h1_free.o
        14          0          0          0          0         84   h1_init.o
         6          0          0          0          0        152   heapauxi.o
         4          0          0          0          0        136   hguard.o
         0          0          0          0          0          0   indicate_semi.o
       138          0          0          0          0        168   init_alloc.o
         2          0          0          0          0          0   libinit.o
        14          0          0          0          0          0   libinit2.o
         2          0          0          0          0          0   libshutdown.o
         2          0          0          0          0          0   libshutdown2.o
         8          4          0          0         96         68   libspace.o
       240          0          0          0          0        100   lludivv7m.o
         0          0          0          0          0          0   maybetermalloc1.o
         8          4          0          0          0         68   rt_errno_addr_intlibspace.o
         8          4          0          0          0         68   rt_heap_descriptor_intlibspace.o
        78          0          0          0          0         80   rt_memclr_w.o
       100          0          0          0          0         80   rt_memcpy_w.o
         2          0          0          0          0          0   rtexit.o
        10          0          0          0          0          0   rtexit2.o
        12          4          0          0          0         68   sys_exit.o
        74          0          0          0          0         80   sys_stackheap_outer.o
        14          0          0          0          0         76   sys_wrch.o
         2          0          0          0          0         68   use_no_semi.o
        22          0          0          0          0        116   fpinit.o
         0          0          0          0          0          0   usenofp.o
       280         46          0          0          0        176   acosf.o
       300         42          0          0          0        176   asinf.o
       684         90          0          0          0        208   atan2f.o
        38          0          0          0          0        116   fpclassifyf.o
        44         12          0          0          0        464   funder.o
        62          0          0          0          0        136   sqrtf.o

    ----------------------------------------------------------------------
      5264        280          0          0         96      35460   Library Totals
        10          0          0          0          0          0   (incl. Padding)

    ----------------------------------------------------------------------

      Code (inc. data)   RO Data    RW Data    ZI Data      Debug   Library Name

      2456          8          0          0          0      31916   arm_cortexM4lf_math.lib
      1368         82          0          0         96       2152   c_w.l
        22          0          0          0          0        116   g_wm.l
      1408        190          0          0          0       1276   m_wm.l

    ----------------------------------------------------------------------
      5264        280          0          0         96      35460   Library Totals

    ----------------------------------------------------------------------

==============================================================================


      Code (inc. data)   RO Data    RW Data    ZI Data      Debug   

     74580        680       1256       1400      69072     448835   Grand Totals
     74580        680       1256        440      69072     448835   ELF Image Totals (compressed)
     74580        680       1256        440          0          0   ROM Totals

==============================================================================

    Total RO  Size (Code + RO Data)                75836 (  74.06kB)
    Total RW  Size (RW Data + ZI Data)             70472 (  68.82kB)
    Total ROM Size (Code + RO Data + RW Data)      76276 (  74.49kB)

==============================================================================

